Archive member included because of file (symbol)

/opt/CodeSourcery/Sourcery_G++_Lite/arm-none-eabi/lib/libc.a(lib_a-errno.o)
                              syscall.o (__errno)
/opt/CodeSourcery/Sourcery_G++_Lite/arm-none-eabi/lib/libc.a(lib_a-impure.o)
                              /opt/CodeSourcery/Sourcery_G++_Lite/arm-none-eabi/lib/libc.a(lib_a-errno.o) (_impure_ptr)
/opt/CodeSourcery/Sourcery_G++_Lite/arm-none-eabi/lib/libc.a(lib_a-memset.o)
                              syscall.o (memset)
/opt/CodeSourcery/Sourcery_G++_Lite/arm-none-eabi/lib/libc.a(lib_a-printf.o)
                              Main.o (printf)
/opt/CodeSourcery/Sourcery_G++_Lite/arm-none-eabi/lib/libc.a(lib_a-vfprintf.o)
                              /opt/CodeSourcery/Sourcery_G++_Lite/arm-none-eabi/lib/libc.a(lib_a-printf.o) (_vfprintf_r)
/opt/CodeSourcery/Sourcery_G++_Lite/arm-none-eabi/lib/libc.a(lib_a-vsprintf.o)
                              Uart.o (vsprintf)
/opt/CodeSourcery/Sourcery_G++_Lite/arm-none-eabi/lib/libc.a(lib_a-wsetup.o)
                              /opt/CodeSourcery/Sourcery_G++_Lite/arm-none-eabi/lib/libc.a(lib_a-vfprintf.o) (__swsetup_r)
/opt/CodeSourcery/Sourcery_G++_Lite/arm-none-eabi/lib/libc.a(lib_a-dtoa.o)
                              /opt/CodeSourcery/Sourcery_G++_Lite/arm-none-eabi/lib/libc.a(lib_a-vfprintf.o) (_dtoa_r)
/opt/CodeSourcery/Sourcery_G++_Lite/arm-none-eabi/lib/libc.a(lib_a-fflush.o)
                              /opt/CodeSourcery/Sourcery_G++_Lite/arm-none-eabi/lib/libc.a(lib_a-vfprintf.o) (_fflush_r)
/opt/CodeSourcery/Sourcery_G++_Lite/arm-none-eabi/lib/libc.a(lib_a-findfp.o)
                              /opt/CodeSourcery/Sourcery_G++_Lite/arm-none-eabi/lib/libc.a(lib_a-vfprintf.o) (__sinit)
/opt/CodeSourcery/Sourcery_G++_Lite/arm-none-eabi/lib/libc.a(lib_a-freer.o)
                              /opt/CodeSourcery/Sourcery_G++_Lite/arm-none-eabi/lib/libc.a(lib_a-wsetup.o) (_free_r)
/opt/CodeSourcery/Sourcery_G++_Lite/arm-none-eabi/lib/libc.a(lib_a-fwalk.o)
                              /opt/CodeSourcery/Sourcery_G++_Lite/arm-none-eabi/lib/libc.a(lib_a-findfp.o) (_fwalk)
/opt/CodeSourcery/Sourcery_G++_Lite/arm-none-eabi/lib/libc.a(lib_a-locale.o)
                              /opt/CodeSourcery/Sourcery_G++_Lite/arm-none-eabi/lib/libc.a(lib_a-vfprintf.o) (_localeconv_r)
/opt/CodeSourcery/Sourcery_G++_Lite/arm-none-eabi/lib/libc.a(lib_a-makebuf.o)
                              /opt/CodeSourcery/Sourcery_G++_Lite/arm-none-eabi/lib/libc.a(lib_a-wsetup.o) (__smakebuf_r)
/opt/CodeSourcery/Sourcery_G++_Lite/arm-none-eabi/lib/libc.a(lib_a-mallocr.o)
                              /opt/CodeSourcery/Sourcery_G++_Lite/arm-none-eabi/lib/libc.a(lib_a-findfp.o) (_malloc_r)
/opt/CodeSourcery/Sourcery_G++_Lite/arm-none-eabi/lib/libc.a(lib_a-memchr.o)
                              /opt/CodeSourcery/Sourcery_G++_Lite/arm-none-eabi/lib/libc.a(lib_a-vfprintf.o) (memchr)
/opt/CodeSourcery/Sourcery_G++_Lite/arm-none-eabi/lib/libc.a(lib_a-memcpy.o)
                              /opt/CodeSourcery/Sourcery_G++_Lite/arm-none-eabi/lib/libc.a(lib_a-dtoa.o) (memcpy)
/opt/CodeSourcery/Sourcery_G++_Lite/arm-none-eabi/lib/libc.a(lib_a-mlock.o)
                              /opt/CodeSourcery/Sourcery_G++_Lite/arm-none-eabi/lib/libc.a(lib_a-freer.o) (__malloc_lock)
/opt/CodeSourcery/Sourcery_G++_Lite/arm-none-eabi/lib/libc.a(lib_a-mprec.o)
                              /opt/CodeSourcery/Sourcery_G++_Lite/arm-none-eabi/lib/libc.a(lib_a-dtoa.o) (_Balloc)
/opt/CodeSourcery/Sourcery_G++_Lite/arm-none-eabi/lib/libc.a(lib_a-s_fpclassify.o)
                              /opt/CodeSourcery/Sourcery_G++_Lite/arm-none-eabi/lib/libc.a(lib_a-vfprintf.o) (__fpclassifyd)
/opt/CodeSourcery/Sourcery_G++_Lite/arm-none-eabi/lib/libc.a(lib_a-stdio.o)
                              /opt/CodeSourcery/Sourcery_G++_Lite/arm-none-eabi/lib/libc.a(lib_a-findfp.o) (__sread)
/opt/CodeSourcery/Sourcery_G++_Lite/arm-none-eabi/lib/libc.a(lib_a-strcmp.o)
                              /opt/CodeSourcery/Sourcery_G++_Lite/arm-none-eabi/lib/libc.a(lib_a-locale.o) (strcmp)
/opt/CodeSourcery/Sourcery_G++_Lite/arm-none-eabi/lib/libc.a(lib_a-svfprintf.o)
                              /opt/CodeSourcery/Sourcery_G++_Lite/arm-none-eabi/lib/libc.a(lib_a-vsprintf.o) (_svfprintf_r)
/opt/CodeSourcery/Sourcery_G++_Lite/arm-none-eabi/lib/libc.a(lib_a-vfiprintf.o)
                              /opt/CodeSourcery/Sourcery_G++_Lite/arm-none-eabi/lib/libc.a(lib_a-vfprintf.o) (__sprint_r)
/opt/CodeSourcery/Sourcery_G++_Lite/arm-none-eabi/lib/libc.a(lib_a-callocr.o)
                              /opt/CodeSourcery/Sourcery_G++_Lite/arm-none-eabi/lib/libc.a(lib_a-mprec.o) (_calloc_r)
/opt/CodeSourcery/Sourcery_G++_Lite/arm-none-eabi/lib/libc.a(lib_a-fclose.o)
                              /opt/CodeSourcery/Sourcery_G++_Lite/arm-none-eabi/lib/libc.a(lib_a-findfp.o) (fclose)
/opt/CodeSourcery/Sourcery_G++_Lite/arm-none-eabi/lib/libc.a(lib_a-fputwc.o)
[...]
Memory Configuration

Name             Origin             Length             Attributes
*default*        0x00000000         0xffffffff

Linker script and memory map

                0x30000000                __TEXT_START__ = 0x30000000
                0x33ffff00                _ISR_START = 0x33ffff00
                [0x00002000]                _STACK_SIZE = DEFINED (_STACK_SIZE)?_STACK_SIZE:0x2000
                [0x00200000]                _HEAP_SIZE = DEFINED (_HEAP_SIZE)?_HEAP_SIZE:0x200000

.text           0x30000000    0x11fcc
                0x30000000                __TEXT_START__ = .
 *startup.o(.text)
 .text          0x30000000      0x300 s3c2450_startup.o
                0x30000000                _start
                0x300000b0                ResetHandler
                0x300001b0                IsrIRQ
                0x3000025c                _sbrk
 *(.text)
 .text          0x30000300      0x6bc libc.o
                0x30000300                MMU_Init
                0x300004f4                MMU_SetMTT
                0x3000059c                ChangeRomCacheStatus
                0x3000065c                malloc
                0x300006ec                free
                0x3000070c                Led_Port_Init
                0x3000076c                Led_Display
                0x30000828                start_timer0
                0x30000868                stop_timer0
                0x3000087c                time
                0x30000898                MemFill
                0x300008f8                MemDump
 .text          0x300009bc      0xc14 Main.o
                0x300009bc                Touch_ISR
                0x30000ca8                HW_Initial
                0x30000cd8                Show_Welcome
                0x30000d84                main
 .text          0x300015d0      0x770 Uart.o
                0x300015d0                Uart_Init
                0x300016cc                Uart_Printf
                0x30001710                Uart_Send_String
                0x30001754                Uart_Send_Byte
                0x300017c8                Uart_GetChar
                0x300017fc                Uart_Get_Pressed
                0x30001838                Uart_TxEmpty
                0x30001864                Uart_GetKey
                0x300018a0                Uart_GetString
                0x30001998                atoi
                0x30001a58                strlen
                0x30001aa0                Uart_GetIntNum
 .text          0x30001d40      0x218 timer.o
                0x30001d40                Timer0_Init
                0x30001d90                Timer0_Delay
                0x30001e64                ElapseTimer_Start
                0x30001f24                ElapseTimer_Stop
 .text          0x30001f58      0x150 exception.o
                0x30001f58                SWI_Handler
                0x30001f6c                Undef_Handler
                0x30001f80                Pabort_Handler
                0x30001fb4                Dabort_Handler
                0x30001fe8                Exception_Init
 .text          0x300020a8     0x24c0 Lcd_480x272.o
                0x300020a8                Lcd_Envid_On_Off
                0x300020fc                Lcd_Power_Enable
                0x30002110                Lcd_Port_Init
                0x30002204                Graphic_Init
                0x30002228                Lcd_Init
                0x3000234c                Lcd_Set_Address
                0x3000239c                Lcd_Wait_Blank
                0x300023a0                Lcd_Copy
                0x3000241c                Lcd_Select_Frame_Buffer
                0x3000244c                Lcd_Display_Frame_Buffer
                0x30002478                Lcd_Put_Pixel
                0x300024d0                Lcd_Set_Tran_Mode
                0x3000250c                Lcd_Clr_Screen
                0x3000258c                Lcd_Line
                0x30002a90                Lcd_Hline
                0x30002b1c                Lcd_Vline
                0x30002ba8                Lcd_Rectangular
                0x30002c80                Lcd_Fill_Rectangular
                0x30002d68                Lcd_Han_Putch
                0x30003b68                Lcd_Eng_Putch
                0x300040cc                Lcd_Puts
                0x300041d4                Lcd_Printf
                0x3000423c                Lcd_Get_Info_BMP
                0x30004284                Lcd_Draw_BMP
 .text          0x30004568      0x124 touch.o
                0x30004568                Touch_Init
                0x300045a0                Touch_Isr_Init
                0x300045f4                Touch_ISR_Enable
 .text          0x3000468c      0x258 syscall.o
                0x3000468c                _read_r
                0x300046c4                _lseek_r
                0x300046e8                _write_r
                0x30004770                _close_r
                0x3000478c                _sbrk_r
                0x3000487c                _fstat_r
                0x300048bc                _isatty_r
                0x300048d8                _exit
 .text          0x300048e4      0x268 libs.o
                0x300048e4                HOW_TO_RETURN
                0x300048ec                CONDITIONAL_EXECUTE
                0x30004900                DATA_PROCESS1
                0x30004910                DATA_PROCESS2
                0x30004920                SUM_OF_DEC
                0x3000493c                GRT_COM_MES
                0x30004950                MEMCPY_SINGLE
                0x30004968                MEMCPY_MULTIPLE
                0x30004980                MEMCPY
                0x300049c0                SET_IF
                0x300049d4                WR_IF
                0x300049dc                CLR_IF
                0x300049ec                MMU_EnableICache
                0x300049fc                MMU_DisableICache
                0x30004a0c                MMU_EnableDCache
                0x30004a1c                MMU_DisableDCache
                0x30004a2c                MMU_EnableAlignFault
                0x30004a3c                MMU_DisableAlignFault
                0x30004a4c                MMU_EnableMMU
                0x30004a5c                MMU_DisableMMU
                0x30004a6c                MMU_SetFastBusMode
                0x30004a80                MMU_SetAsyncBusMode
                0x30004a94                MMU_SetTTBase
                0x30004a9c                MMU_SetDomain
                0x30004aa4                MMU_InvalidateIDCache
                0x30004aac                MMU_InvalidateICache
                0x30004ab4                MMU_InvalidateICacheMVA
                0x30004abc                MMU_PrefetchICacheMVA
                0x30004ac4                MMU_InvalidateDCache
                0x30004acc                MMU_InvalidateDCacheMVA
                0x30004ad4                MMU_CleanDCacheMVA
                0x30004adc                MMU_CleanInvalidateDCacheMVA
                0x30004ae4                MMU_CleanDCacheIndex
                0x30004aec                MMU_CleanInvalidateDCacheIndex
                0x30004af4                MMU_WaitForInterrupt
                0x30004afc                MMU_InvalidateTLB
                0x30004b04                MMU_InvalidateITLB
                0x30004b0c                MMU_InvalidateITLBMVA
                0x30004b14                MMU_InvalidateDTLB
                0x30004b1c                MMU_InvalidateDTLBMVA
                0x30004b24                MMU_SetDCacheLockdownBase
                0x30004b2c                MMU_SetICacheLockdownBase
                0x30004b34                MMU_SetDTLBLockdown
                0x30004b3c                MMU_SetITLBLockdown
                0x30004b44                MMU_SetProcessId
 .text          0x30004b4c       0x10 /opt/CodeSourcery/Sourcery_G++_Lite/arm-none-eabi/lib/libc.a(lib_a-errno.o)
                0x30004b4c                __errno
 .text          0x30004b5c        0x0 /opt/CodeSourcery/Sourcery_G++_Lite/arm-none-eabi/lib/libc.a(lib_a-impure.o)
 .text          0x30004b5c      0x100 /opt/CodeSourcery/Sourcery_G++_Lite/arm-none-eabi/lib/libc.a(lib_a-memset.o)
                0x30004b5c                memset
 .text          0x30004c5c       0x74 /opt/CodeSourcery/Sourcery_G++_Lite/arm-none-eabi/lib/libc.a(lib_a-printf.o)
                0x30004c5c                _printf_r
                0x30004c90                printf
 .text          0x30004cd0     0x22e4 /opt/CodeSourcery/Sourcery_G++_Lite/arm-none-eabi/lib/libc.a(lib_a-vfprintf.o)
                0x30004cd0                _vfprintf_r
                0x30006f88                vfprintf
 .text          0x30006fb4       0x7c /opt/CodeSourcery/Sourcery_G++_Lite/arm-none-eabi/lib/libc.a(lib_a-vsprintf.o)
                0x30006fb4                _vsprintf_r
                0x30007004                vsprintf
 .text          0x30007030      0x134 /opt/CodeSourcery/Sourcery_G++_Lite/arm-none-eabi/lib/libc.a(lib_a-wsetup.o)
                0x30007030                __swsetup_r
 *fill*         0x30007164        0x4 00
 .text          0x30007168     0x17d0 /opt/CodeSourcery/Sourcery_G++_Lite/arm-none-eabi/lib/libc.a(lib_a-dtoa.o)
                0x30007338                _dtoa_r
 .text          0x30008938      0x28c /opt/CodeSourcery/Sourcery_G++_Lite/arm-none-eabi/lib/libc.a(lib_a-fflush.o)
                0x30008938                _fflush_r
                0x30008b84                fflush
 .text          0x30008bc4      0x334 /opt/CodeSourcery/Sourcery_G++_Lite/arm-none-eabi/lib/libc.a(lib_a-findfp.o)
                0x30008bd4                _cleanup_r
                0x30008bec                __sfmoreglue
                0x30008c34                _cleanup
                0x30008c44                __sinit
                0x30008dac                __sfp
                0x30008ea0                __sfp_lock_acquire
                0x30008ea4                __sfp_lock_release
                0x30008ea8                __sinit_lock_acquire
                0x30008eac                __sinit_lock_release
                0x30008eb0                __fp_lock_all
                0x30008ed4                __fp_unlock_all
 .text          0x30008ef8      0x360 /opt/CodeSourcery/Sourcery_G++_Lite/arm-none-eabi/lib/libc.a(lib_a-freer.o)
                0x30008ef8                _malloc_trim_r
                0x30008ff4                _free_r
 .text          0x30009258      0x11c /opt/CodeSourcery/Sourcery_G++_Lite/arm-none-eabi/lib/libc.a(lib_a-fwalk.o)
                0x30009258                _fwalk
                0x300092e4                _fwalk_reent
 .text          0x30009374       0xd0 /opt/CodeSourcery/Sourcery_G++_Lite/arm-none-eabi/lib/libc.a(lib_a-locale.o)
                0x30009374                _setlocale_r
                0x300093e0                __locale_charset
                0x300093ec                __locale_mb_cur_max
                0x300093fc                __locale_msgcharset
                0x30009408                __locale_cjk_lang
                0x30009410                _localeconv_r
                0x3000941c                setlocale
                0x30009438                localeconv
 .text          0x30009444      0x164 /opt/CodeSourcery/Sourcery_G++_Lite/arm-none-eabi/lib/libc.a(lib_a-makebuf.o)
                0x30009444                __smakebuf_r
 .text          0x300095a8      0x70c /opt/CodeSourcery/Sourcery_G++_Lite/arm-none-eabi/lib/libc.a(lib_a-mallocr.o)
                0x300095a8                _malloc_r
 .text          0x30009cb4      0x104 /opt/CodeSourcery/Sourcery_G++_Lite/arm-none-eabi/lib/libc.a(lib_a-memchr.o)
                0x30009cb4                memchr
 .text          0x30009db8      0x1c0 /opt/CodeSourcery/Sourcery_G++_Lite/arm-none-eabi/lib/libc.a(lib_a-memcpy.o)
                0x30009db8                memcpy
 .text          0x30009f78        0x8 /opt/CodeSourcery/Sourcery_G++_Lite/arm-none-eabi/lib/libc.a(lib_a-mlock.o)
                0x30009f78                __malloc_lock
                0x30009f7c                __malloc_unlock
 .text          0x30009f80      0xcfc /opt/CodeSourcery/Sourcery_G++_Lite/arm-none-eabi/lib/libc.a(lib_a-mprec.o)
                0x30009f80                _Balloc
                0x3000a008                _Bfree
                0x3000a024                __multadd
                0x3000a100                __s2b
                0x3000a1ec                __hi0bits
                0x3000a23c                __lo0bits
                0x3000a2cc                __i2b
                0x3000a2f0                __multiply
                0x3000a4d8                __pow5mult
                0x3000a5cc                __lshift
                0x3000a6d0                __mcmp
                0x3000a730                __mdiff
                0x3000a888                __ulp
                0x3000a8e8                __b2d
                0x3000a9ac                __d2b
                0x3000aab4                __ratio
                0x3000ab2c                _mprec_log10
                0x3000ab80                __copybits
                0x3000abf4                __any_on
 .text          0x3000ac7c       0x8c /opt/CodeSourcery/Sourcery_G++_Lite/arm-none-eabi/lib/libc.a(lib_a-s_fpclassify.o)
                0x3000ac7c                __fpclassifyd
 .text          0x3000ad08       0xdc /opt/CodeSourcery/Sourcery_G++_Lite/arm-none-eabi/lib/libc.a(lib_a-stdio.o)
                0x3000ad08                __sread
                0x3000ad3c                __seofread
                0x3000ad44                __swrite
                0x3000ad9c                __sseek
                0x3000add0                __sclose
 .text          0x3000ade4      0x230 /opt/CodeSourcery/Sourcery_G++_Lite/arm-none-eabi/lib/libc.a(lib_a-strcmp.o)
                0x3000ade4                strcmp
 .text          0x3000b014     0x2138 /opt/CodeSourcery/Sourcery_G++_Lite/arm-none-eabi/lib/libc.a(lib_a-svfprintf.o)
                0x3000b014                _svfprintf_r
 .text          0x3000d14c     0x1360 /opt/CodeSourcery/Sourcery_G++_Lite/arm-none-eabi/lib/libc.a(lib_a-vfiprintf.o)
                0x3000d14c                __sprint_r
                0x3000d20c                _vfiprintf_r
                0x3000e480                vfiprintf
 .text          0x3000e4ac       0x9c /opt/CodeSourcery/Sourcery_G++_Lite/arm-none-eabi/lib/libc.a(lib_a-callocr.o)
                0x3000e4ac                _calloc_r
 .text          0x3000e548      0x10c /opt/CodeSourcery/Sourcery_G++_Lite/arm-none-eabi/lib/libc.a(lib_a-fclose.o)
                0x3000e548                _fclose_r
                0x3000e640                fclose
 .text          0x3000e654      0x1a8 /opt/CodeSourcery/Sourcery_G++_Lite/arm-none-eabi/lib/libc.a(lib_a-fputwc.o)
                0x3000e654                _fputwc_r
                0x3000e7b0                fputwc
 .text          0x3000e7fc      0x4b0 /opt/CodeSourcery/Sourcery_G++_Lite/arm-none-eabi/lib/libc.a(lib_a-fvwrite.o)
                0x3000e7fc                __sfvwrite_r
 .text          0x3000ecac      0x128 /opt/CodeSourcery/Sourcery_G++_Lite/arm-none-eabi/lib/libc.a(lib_a-memmove.o)
                0x3000ecac                memmove
 .text          0x3000edd4      0x5c0 /opt/CodeSourcery/Sourcery_G++_Lite/arm-none-eabi/lib/libc.a(lib_a-reallocr.o)
                0x3000edd4                _realloc_r
 .text          0x3000f394     0x1238 /opt/CodeSourcery/Sourcery_G++_Lite/arm-none-eabi/lib/libc.a(lib_a-svfiprintf.o)
                0x3000f394                __ssprint_r
                0x3000f530                _svfiprintf_r
 .text          0x300105cc      0x15c /opt/CodeSourcery/Sourcery_G++_Lite/arm-none-eabi/lib/libc.a(lib_a-wbuf.o)
                0x300105cc                __swbuf_r
                0x3001070c                __swbuf
 .text          0x30010728      0x13c /opt/CodeSourcery/Sourcery_G++_Lite/arm-none-eabi/lib/libc.a(lib_a-wcrtomb.o)
                0x30010728                _wcrtomb_r
                0x300107bc                wcrtomb
 .text          0x30010864       0x7c /opt/CodeSourcery/Sourcery_G++_Lite/arm-none-eabi/lib/libc.a(lib_a-wctomb_r.o)
                0x30010864                __ascii_wctomb
                0x30010890                _wctomb_r
 .text          0x300108e0      0x114 /opt/CodeSourcery/Sourcery_G++_Lite/lib/gcc/arm-none-eabi/4.5.2/libgcc.a(_udivsi3.o)
                0x300108e0                __udivsi3
                0x300108e0                __aeabi_uidiv
                0x300109d4                __aeabi_uidivmod
 .text          0x300109f4      0x148 /opt/CodeSourcery/Sourcery_G++_Lite/lib/gcc/arm-none-eabi/4.5.2/libgcc.a(_divsi3.o)
                0x300109f4                __aeabi_idiv
                0x300109f4                __divsi3
                0x30010b1c                __aeabi_idivmod
 .text          0x30010b3c        0x4 /opt/CodeSourcery/Sourcery_G++_Lite/lib/gcc/arm-none-eabi/4.5.2/libgcc.a(_dvmd_tls.o)
                0x30010b3c                __aeabi_ldiv0
                0x30010b3c                __aeabi_idiv0
 .text          0x30010b40      0x41c /opt/CodeSourcery/Sourcery_G++_Lite/lib/gcc/arm-none-eabi/4.5.2/libgcc.a(_arm_addsubdf3.o)
                0x30010b40                __aeabi_drsub
                0x30010b48                __aeabi_dsub
                0x30010b48                __subdf3
                0x30010b4c                __adddf3
                0x30010b4c                __aeabi_dadd
                0x30010e5c                __aeabi_ui2d
                0x30010e5c                __floatunsidf
                0x30010e80                __floatsidf
                0x30010e80                __aeabi_i2d
                0x30010ea8                __extendsfdf2
                0x30010ea8                __aeabi_f2d
                0x30010ee8                __aeabi_ul2d
                0x30010ee8                __floatundidf
                0x30010efc                __floatdidf
                0x30010efc                __aeabi_l2d
 .text          0x30010f5c      0x49c /opt/CodeSourcery/Sourcery_G++_Lite/lib/gcc/arm-none-eabi/4.5.2/libgcc.a(_arm_muldivdf3.o)
                0x30010f5c                __aeabi_dmul
                0x30010f5c                __muldf3
                0x300111ec                __aeabi_ddiv
                0x300111ec                __divdf3
 .text          0x300113f8      0x144 /opt/CodeSourcery/Sourcery_G++_Lite/lib/gcc/arm-none-eabi/4.5.2/libgcc.a(_arm_cmpdf2.o)
                0x300113f8                __gtdf2
                0x300113f8                __gedf2
                0x30011400                __ltdf2
                0x30011400                __ledf2
                0x30011408                __cmpdf2
                0x30011408                __eqdf2
                0x30011408                __nedf2
                0x30011490                __aeabi_cdrcmple
                0x300114ac                __aeabi_cdcmple
                0x300114ac                __aeabi_cdcmpeq
                0x300114c4                __aeabi_dcmpeq
                0x300114dc                __aeabi_dcmplt
                0x300114f4                __aeabi_dcmple
                0x3001150c                __aeabi_dcmpge
                0x30011524                __aeabi_dcmpgt
 .text          0x3001153c       0x5c /opt/CodeSourcery/Sourcery_G++_Lite/lib/gcc/arm-none-eabi/4.5.2/libgcc.a(_arm_fixdfsi.o)
                0x3001153c                __fixdfsi
                0x3001153c                __aeabi_d2iz
 .text          0x30011598       0x54 /opt/CodeSourcery/Sourcery_G++_Lite/lib/gcc/arm-none-eabi/4.5.2/libgcc.a(_arm_fixunsdfsi.o)
                0x30011598                __fixunsdfsi
                0x30011598                __aeabi_d2uiz
 .text          0x300115ec       0x3c /opt/CodeSourcery/Sourcery_G++_Lite/lib/gcc/arm-none-eabi/4.5.2/libgcc.a(_aeabi_uldivmod.o)
                0x300115ec                __aeabi_uldivmod
 .text          0x30011628       0x80 /opt/CodeSourcery/Sourcery_G++_Lite/lib/gcc/arm-none-eabi/4.5.2/libgcc.a(bpabi.o)
                0x30011628                __gnu_ldivmod_helper
                0x30011668                __gnu_uldivmod_helper
 .text          0x300116a8      0x4a8 /opt/CodeSourcery/Sourcery_G++_Lite/lib/gcc/arm-none-eabi/4.5.2/libgcc.a(_divdi3.o)
                0x300116a8                __divdi3
 .text          0x30011b50      0x434 /opt/CodeSourcery/Sourcery_G++_Lite/lib/gcc/arm-none-eabi/4.5.2/libgcc.a(_udivdi3.o)
                0x30011b50                __udivdi3
 .text          0x30011f84       0x48 /opt/CodeSourcery/Sourcery_G++_Lite/lib/gcc/arm-none-eabi/4.5.2/libgcc.a(_clzsi2.o)
                0x30011f84                __clzsi2
                0x30011fcc                __TEXT_END__ = .
                0x30011fcc                . = ALIGN (0x4)

.glue_7         0x30011fcc        0x0
 .glue_7        0x00000000        0x0 linker stubs

.glue_7t        0x30011fcc        0x0
 .glue_7t       0x00000000        0x0 linker stubs

.vfp11_veneer   0x30011fcc        0x0
 .vfp11_veneer  0x00000000        0x0 linker stubs

.v4_bx          0x30011fcc        0x0
 .v4_bx         0x00000000        0x0 linker stubs

.rodata         0x30011fd0     0x8924
                0x30011fd0                __RODATA_START__ = .
 *(.rodata)
 .rodata        0x30011fd0       0x4c libc.o
 .rodata        0x3001201c      0x374 Main.o
 .rodata        0x30012390       0x28 Uart.o
 .rodata        0x300123b8       0x84 exception.o
 .rodata        0x3001243c     0x821c Lcd_480x272.o
                0x3001243c                eng8x16
                0x3001343c                han16x16
                0x30016140                HanTable
 .rodata        0x3001a658       0x88 syscall.o
 .rodata        0x3001a6e0        0x4 /opt/CodeSourcery/Sourcery_G++_Lite/arm-none-eabi/lib/libc.a(lib_a-impure.o)
                0x3001a6e0                _global_impure_ptr
 .rodata        0x3001a6e4       0x20 /opt/CodeSourcery/Sourcery_G++_Lite/arm-none-eabi/lib/libc.a(lib_a-vfprintf.o)
 *fill*         0x3001a704        0x4 00
 .rodata        0x3001a708      0x128 /opt/CodeSourcery/Sourcery_G++_Lite/arm-none-eabi/lib/libc.a(lib_a-mprec.o)
                0x3001a718                __mprec_tens
                0x3001a7e0                __mprec_bigtens
                0x3001a808                __mprec_tinytens
 .rodata        0x3001a830       0x20 /opt/CodeSourcery/Sourcery_G++_Lite/arm-none-eabi/lib/libc.a(lib_a-svfprintf.o)
 .rodata        0x3001a850       0x20 /opt/CodeSourcery/Sourcery_G++_Lite/arm-none-eabi/lib/libc.a(lib_a-vfiprintf.o)
 .rodata        0x3001a870       0x20 /opt/CodeSourcery/Sourcery_G++_Lite/arm-none-eabi/lib/libc.a(lib_a-svfiprintf.o)
 *(.rodata.*)
 .rodata.str1.4
                0x3001a890        0x2 /opt/CodeSourcery/Sourcery_G++_Lite/arm-none-eabi/lib/libc.a(lib_a-impure.o)
                                  0x4 (size before relaxing)
 *fill*         0x3001a892        0x2 00
 .rodata.str1.4
                0x3001a894       0x42 /opt/CodeSourcery/Sourcery_G++_Lite/arm-none-eabi/lib/libc.a(lib_a-vfprintf.o)
                                 0x44 (size before relaxing)
 *fill*         0x3001a8d6        0x2 00
 .rodata.str1.4
                0x3001a8d8       0x10 /opt/CodeSourcery/Sourcery_G++_Lite/arm-none-eabi/lib/libc.a(lib_a-dtoa.o)
                                 0x14 (size before relaxing)
 .rodata.str1.4
                0x3001a8e8        0xc /opt/CodeSourcery/Sourcery_G++_Lite/arm-none-eabi/lib/libc.a(lib_a-locale.o)
                                 0x14 (size before relaxing)
 .rodata.str1.4
                0x00000000       0x44 /opt/CodeSourcery/Sourcery_G++_Lite/arm-none-eabi/lib/libc.a(lib_a-svfprintf.o)
 .rodata.str1.4
                0x00000000       0x30 /opt/CodeSourcery/Sourcery_G++_Lite/arm-none-eabi/lib/libc.a(lib_a-vfiprintf.o)
 .rodata.str1.4
                0x00000000       0x30 /opt/CodeSourcery/Sourcery_G++_Lite/arm-none-eabi/lib/libc.a(lib_a-svfiprintf.o)
                0x3001a8f4                __RODATA_END__ = .
                0x3001a8f4                . = ALIGN (0x4)

.ARM.extab      0x3001a8f4        0x0
 .ARM.extab     0x3001a8f4        0x0 /opt/CodeSourcery/Sourcery_G++_Lite/lib/gcc/arm-none-eabi/4.5.2/libgcc.a(_divdi3.o)
 .ARM.extab     0x3001a8f4        0x0 /opt/CodeSourcery/Sourcery_G++_Lite/lib/gcc/arm-none-eabi/4.5.2/libgcc.a(_udivdi3.o)

.ARM.exidx      0x3001a8f4        0x8
 .ARM.exidx     0x3001a8f4        0x8 /opt/CodeSourcery/Sourcery_G++_Lite/lib/gcc/arm-none-eabi/4.5.2/libgcc.a(_divdi3.o)
 .ARM.exidx     0x3001a8fc        0x0 /opt/CodeSourcery/Sourcery_G++_Lite/lib/gcc/arm-none-eabi/4.5.2/libgcc.a(_udivdi3.o)
                                  0x8 (size before relaxing)

.data           0x3001a900    0x81428
                0x3001a900                __DATA_START__ = .
 *(.data)
 .data          0x3001a900        0x0 s3c2450_startup.o
 .data          0x3001a900        0x4 libc.o
                0x3001a900                mallocPt
 .data          0x3001a904    0x80ab8 Main.o
                0x3001a904                run_er
                0x3001c8ec                run_ep
                0x3001e8d4                MYIMG
                0x3007e360                s01
                0x3009b3a8                Cal_x1
                0x3009b3ac                Cal_y1
                0x3009b3b0                Cal_x2
                0x3009b3b4                Cal_y2
                0x3009b3b8                Touch_config
 .data          0x3009b3bc        0x0 Uart.o
 .data          0x3009b3bc        0x0 timer.o
 .data          0x3009b3bc        0x0 exception.o
 .data          0x3009b3bc       0xa8 Lcd_480x272.o
 .data          0x3009b464        0x0 touch.o
 .data          0x3009b464        0x0 syscall.o
 .data          0x3009b464        0x0 libs.o
 .data          0x3009b464        0x0 /opt/CodeSourcery/Sourcery_G++_Lite/arm-none-eabi/lib/libc.a(lib_a-errno.o)
 *fill*         0x3009b464        0x4 00
 .data          0x3009b468      0x430 /opt/CodeSourcery/Sourcery_G++_Lite/arm-none-eabi/lib/libc.a(lib_a-impure.o)
                0x3009b468                _impure_ptr
 .data          0x3009b898        0x0 /opt/CodeSourcery/Sourcery_G++_Lite/arm-none-eabi/lib/libc.a(lib_a-memset.o)
 .data          0x3009b898        0x0 /opt/CodeSourcery/Sourcery_G++_Lite/arm-none-eabi/lib/libc.a(lib_a-printf.o)
 .data          0x3009b898        0x0 /opt/CodeSourcery/Sourcery_G++_Lite/arm-none-eabi/lib/libc.a(lib_a-vfprintf.o)
 .data          0x3009b898        0x0 /opt/CodeSourcery/Sourcery_G++_Lite/arm-none-eabi/lib/libc.a(lib_a-vsprintf.o)
 .data          0x3009b898        0x0 /opt/CodeSourcery/Sourcery_G++_Lite/arm-none-eabi/lib/libc.a(lib_a-wsetup.o)
 .data          0x3009b898        0x0 /opt/CodeSourcery/Sourcery_G++_Lite/arm-none-eabi/lib/libc.a(lib_a-dtoa.o)
 .data          0x3009b898        0x0 /opt/CodeSourcery/Sourcery_G++_Lite/arm-none-eabi/lib/libc.a(lib_a-fflush.o)
 .data          0x3009b898        0x0 /opt/CodeSourcery/Sourcery_G++_Lite/arm-none-eabi/lib/libc.a(lib_a-findfp.o)
 .data          0x3009b898        0x0 /opt/CodeSourcery/Sourcery_G++_Lite/arm-none-eabi/lib/libc.a(lib_a-freer.o)
 .data          0x3009b898        0x0 /opt/CodeSourcery/Sourcery_G++_Lite/arm-none-eabi/lib/libc.a(lib_a-fwalk.o)
 .data          0x3009b898       0x7c /opt/CodeSourcery/Sourcery_G++_Lite/arm-none-eabi/lib/libc.a(lib_a-locale.o)
                0x3009b8b8                __mb_cur_max
 .data          0x3009b914        0x0 /opt/CodeSourcery/Sourcery_G++_Lite/arm-none-eabi/lib/libc.a(lib_a-makebuf.o)
 .data          0x3009b914      0x410 /opt/CodeSourcery/Sourcery_G++_Lite/arm-none-eabi/lib/libc.a(lib_a-mallocr.o)
                0x3009b914                __malloc_av_
                0x3009bd1c                __malloc_sbrk_base
                0x3009bd20                __malloc_trim_threshold
 .data          0x3009bd24        0x0 /opt/CodeSourcery/Sourcery_G++_Lite/arm-none-eabi/lib/libc.a(lib_a-memchr.o)
 .data          0x3009bd24        0x0 /opt/CodeSourcery/Sourcery_G++_Lite/arm-none-eabi/lib/libc.a(lib_a-memcpy.o)
 .data          0x3009bd24        0x0 /opt/CodeSourcery/Sourcery_G++_Lite/arm-none-eabi/lib/libc.a(lib_a-mlock.o)
 .data          0x3009bd24        0x0 /opt/CodeSourcery/Sourcery_G++_Lite/arm-none-eabi/lib/libc.a(lib_a-mprec.o)
 .data          0x3009bd24        0x0 /opt/CodeSourcery/Sourcery_G++_Lite/arm-none-eabi/lib/libc.a(lib_a-s_fpclassify.o)
 .data          0x3009bd24        0x0 /opt/CodeSourcery/Sourcery_G++_Lite/arm-none-eabi/lib/libc.a(lib_a-stdio.o)
 .data          0x3009bd24        0x0 /opt/CodeSourcery/Sourcery_G++_Lite/arm-none-eabi/lib/libc.a(lib_a-strcmp.o)
 .data          0x3009bd24        0x0 /opt/CodeSourcery/Sourcery_G++_Lite/arm-none-eabi/lib/libc.a(lib_a-svfprintf.o)
 .data          0x3009bd24        0x0 /opt/CodeSourcery/Sourcery_G++_Lite/arm-none-eabi/lib/libc.a(lib_a-vfiprintf.o)
 .data          0x3009bd24        0x0 /opt/CodeSourcery/Sourcery_G++_Lite/arm-none-eabi/lib/libc.a(lib_a-callocr.o)
 .data          0x3009bd24        0x0 /opt/CodeSourcery/Sourcery_G++_Lite/arm-none-eabi/lib/libc.a(lib_a-fclose.o)
 .data          0x3009bd24        0x0 /opt/CodeSourcery/Sourcery_G++_Lite/arm-none-eabi/lib/libc.a(lib_a-fputwc.o)
 .data          0x3009bd24        0x0 /opt/CodeSourcery/Sourcery_G++_Lite/arm-none-eabi/lib/libc.a(lib_a-fvwrite.o)
 .data          0x3009bd24        0x0 /opt/CodeSourcery/Sourcery_G++_Lite/arm-none-eabi/lib/libc.a(lib_a-memmove.o)
 .data          0x3009bd24        0x0 /opt/CodeSourcery/Sourcery_G++_Lite/arm-none-eabi/lib/libc.a(lib_a-reallocr.o)
 .data          0x3009bd24        0x0 /opt/CodeSourcery/Sourcery_G++_Lite/arm-none-eabi/lib/libc.a(lib_a-svfiprintf.o)
 .data          0x3009bd24        0x0 /opt/CodeSourcery/Sourcery_G++_Lite/arm-none-eabi/lib/libc.a(lib_a-wbuf.o)
 .data          0x3009bd24        0x0 /opt/CodeSourcery/Sourcery_G++_Lite/arm-none-eabi/lib/libc.a(lib_a-wcrtomb.o)
 .data          0x3009bd24        0x4 /opt/CodeSourcery/Sourcery_G++_Lite/arm-none-eabi/lib/libc.a(lib_a-wctomb_r.o)
                0x3009bd24                __wctomb
 .data          0x3009bd28        0x0 /opt/CodeSourcery/Sourcery_G++_Lite/lib/gcc/arm-none-eabi/4.5.2/libgcc.a(_udivsi3.o)
 .data          0x3009bd28        0x0 /opt/CodeSourcery/Sourcery_G++_Lite/lib/gcc/arm-none-eabi/4.5.2/libgcc.a(_divsi3.o)
 .data          0x3009bd28        0x0 /opt/CodeSourcery/Sourcery_G++_Lite/lib/gcc/arm-none-eabi/4.5.2/libgcc.a(_dvmd_tls.o)
 .data          0x3009bd28        0x0 /opt/CodeSourcery/Sourcery_G++_Lite/lib/gcc/arm-none-eabi/4.5.2/libgcc.a(_arm_addsubdf3.o)
 .data          0x3009bd28        0x0 /opt/CodeSourcery/Sourcery_G++_Lite/lib/gcc/arm-none-eabi/4.5.2/libgcc.a(_arm_muldivdf3.o)
 .data          0x3009bd28        0x0 /opt/CodeSourcery/Sourcery_G++_Lite/lib/gcc/arm-none-eabi/4.5.2/libgcc.a(_arm_cmpdf2.o)
 .data          0x3009bd28        0x0 /opt/CodeSourcery/Sourcery_G++_Lite/lib/gcc/arm-none-eabi/4.5.2/libgcc.a(_arm_fixdfsi.o)
 .data          0x3009bd28        0x0 /opt/CodeSourcery/Sourcery_G++_Lite/lib/gcc/arm-none-eabi/4.5.2/libgcc.a(_arm_fixunsdfsi.o)
 .data          0x3009bd28        0x0 /opt/CodeSourcery/Sourcery_G++_Lite/lib/gcc/arm-none-eabi/4.5.2/libgcc.a(_aeabi_uldivmod.o)
 .data          0x3009bd28        0x0 /opt/CodeSourcery/Sourcery_G++_Lite/lib/gcc/arm-none-eabi/4.5.2/libgcc.a(bpabi.o)
 .data          0x3009bd28        0x0 /opt/CodeSourcery/Sourcery_G++_Lite/lib/gcc/arm-none-eabi/4.5.2/libgcc.a(_divdi3.o)
 .data          0x3009bd28        0x0 /opt/CodeSourcery/Sourcery_G++_Lite/lib/gcc/arm-none-eabi/4.5.2/libgcc.a(_udivdi3.o)
 .data          0x3009bd28        0x0 /opt/CodeSourcery/Sourcery_G++_Lite/lib/gcc/arm-none-eabi/4.5.2/libgcc.a(_clzsi2.o)
 *(.data.*)
                0x3009bd28                __DATA_END__ = .
                0x3009bd28                . = ALIGN (0x4)

.bss            0x3009bd28       0x78
                0x3009bd28                __BSS_START__ = .
 *(.bss)
 .bss           0x3009bd28        0x0 s3c2450_startup.o
 .bss           0x3009bd28        0x0 libc.o
 .bss           0x3009bd28       0x14 Main.o
                0x3009bd28                Touch_pressed
                0x3009bd2c                ADC_x
                0x3009bd30                ADC_y
                0x3009bd34                Touch_x
                0x3009bd38                Touch_y
 .bss           0x3009bd3c        0x0 Uart.o
 .bss           0x3009bd3c        0x0 timer.o
 .bss           0x3009bd3c        0x0 exception.o
 .bss           0x3009bd3c       0x20 Lcd_480x272.o
                0x3009bd3c                Fb_ptr
 .bss           0x3009bd5c        0x0 touch.o
 .bss           0x3009bd5c        0x4 syscall.o
 .bss           0x3009bd60        0x0 libs.o
 .bss           0x3009bd60        0x0 /opt/CodeSourcery/Sourcery_G++_Lite/arm-none-eabi/lib/libc.a(lib_a-errno.o)
 .bss           0x3009bd60        0x0 /opt/CodeSourcery/Sourcery_G++_Lite/arm-none-eabi/lib/libc.a(lib_a-impure.o)
 .bss           0x3009bd60        0x0 /opt/CodeSourcery/Sourcery_G++_Lite/arm-none-eabi/lib/libc.a(lib_a-memset.o)
 .bss           0x3009bd60        0x0 /opt/CodeSourcery/Sourcery_G++_Lite/arm-none-eabi/lib/libc.a(lib_a-printf.o)
 .bss           0x3009bd60        0x0 /opt/CodeSourcery/Sourcery_G++_Lite/arm-none-eabi/lib/libc.a(lib_a-vfprintf.o)
 .bss           0x3009bd60        0x0 /opt/CodeSourcery/Sourcery_G++_Lite/arm-none-eabi/lib/libc.a(lib_a-vsprintf.o)
 .bss           0x3009bd60        0x0 /opt/CodeSourcery/Sourcery_G++_Lite/arm-none-eabi/lib/libc.a(lib_a-wsetup.o)
 .bss           0x3009bd60        0x0 /opt/CodeSourcery/Sourcery_G++_Lite/arm-none-eabi/lib/libc.a(lib_a-dtoa.o)
 .bss           0x3009bd60        0x0 /opt/CodeSourcery/Sourcery_G++_Lite/arm-none-eabi/lib/libc.a(lib_a-fflush.o)
 .bss           0x3009bd60        0x0 /opt/CodeSourcery/Sourcery_G++_Lite/arm-none-eabi/lib/libc.a(lib_a-findfp.o)
 .bss           0x3009bd60        0x0 /opt/CodeSourcery/Sourcery_G++_Lite/arm-none-eabi/lib/libc.a(lib_a-freer.o)
 .bss           0x3009bd60        0x0 /opt/CodeSourcery/Sourcery_G++_Lite/arm-none-eabi/lib/libc.a(lib_a-fwalk.o)
 .bss           0x3009bd60        0xc /opt/CodeSourcery/Sourcery_G++_Lite/arm-none-eabi/lib/libc.a(lib_a-locale.o)
                0x3009bd60                __nlocale_changed
                0x3009bd64                __mlocale_changed
                0x3009bd68                _PathLocale
 .bss           0x3009bd6c        0x0 /opt/CodeSourcery/Sourcery_G++_Lite/arm-none-eabi/lib/libc.a(lib_a-makebuf.o)
 .bss           0x3009bd6c       0x34 /opt/CodeSourcery/Sourcery_G++_Lite/arm-none-eabi/lib/libc.a(lib_a-mallocr.o)
                0x3009bd6c                __malloc_top_pad
                0x3009bd70                __malloc_current_mallinfo
                0x3009bd98                __malloc_max_sbrked_mem
                0x3009bd9c                __malloc_max_total_mem
 .bss           0x3009bda0        0x0 /opt/CodeSourcery/Sourcery_G++_Lite/arm-none-eabi/lib/libc.a(lib_a-memchr.o)
 .bss           0x3009bda0        0x0 /opt/CodeSourcery/Sourcery_G++_Lite/arm-none-eabi/lib/libc.a(lib_a-memcpy.o)
 .bss           0x3009bda0        0x0 /opt/CodeSourcery/Sourcery_G++_Lite/arm-none-eabi/lib/libc.a(lib_a-mlock.o)
 .bss           0x3009bda0        0x0 /opt/CodeSourcery/Sourcery_G++_Lite/arm-none-eabi/lib/libc.a(lib_a-mprec.o)
 .bss           0x3009bda0        0x0 /opt/CodeSourcery/Sourcery_G++_Lite/arm-none-eabi/lib/libc.a(lib_a-s_fpclassify.o)
 .bss           0x3009bda0        0x0 /opt/CodeSourcery/Sourcery_G++_Lite/arm-none-eabi/lib/libc.a(lib_a-stdio.o)
 .bss           0x3009bda0        0x0 /opt/CodeSourcery/Sourcery_G++_Lite/arm-none-eabi/lib/libc.a(lib_a-strcmp.o)
 .bss           0x3009bda0        0x0 /opt/CodeSourcery/Sourcery_G++_Lite/arm-none-eabi/lib/libc.a(lib_a-svfprintf.o)
 .bss           0x3009bda0        0x0 /opt/CodeSourcery/Sourcery_G++_Lite/arm-none-eabi/lib/libc.a(lib_a-vfiprintf.o)
 .bss           0x3009bda0        0x0 /opt/CodeSourcery/Sourcery_G++_Lite/arm-none-eabi/lib/libc.a(lib_a-callocr.o)
 .bss           0x3009bda0        0x0 /opt/CodeSourcery/Sourcery_G++_Lite/arm-none-eabi/lib/libc.a(lib_a-fclose.o)
 .bss           0x3009bda0        0x0 /opt/CodeSourcery/Sourcery_G++_Lite/arm-none-eabi/lib/libc.a(lib_a-fputwc.o)
 .bss           0x3009bda0        0x0 /opt/CodeSourcery/Sourcery_G++_Lite/arm-none-eabi/lib/libc.a(lib_a-fvwrite.o)
 .bss           0x3009bda0        0x0 /opt/CodeSourcery/Sourcery_G++_Lite/arm-none-eabi/lib/libc.a(lib_a-memmove.o)
 .bss           0x3009bda0        0x0 /opt/CodeSourcery/Sourcery_G++_Lite/arm-none-eabi/lib/libc.a(lib_a-reallocr.o)
 .bss           0x3009bda0        0x0 /opt/CodeSourcery/Sourcery_G++_Lite/arm-none-eabi/lib/libc.a(lib_a-svfiprintf.o)
 .bss           0x3009bda0        0x0 /opt/CodeSourcery/Sourcery_G++_Lite/arm-none-eabi/lib/libc.a(lib_a-wbuf.o)
 .bss           0x3009bda0        0x0 /opt/CodeSourcery/Sourcery_G++_Lite/arm-none-eabi/lib/libc.a(lib_a-wcrtomb.o)
 .bss           0x3009bda0        0x0 /opt/CodeSourcery/Sourcery_G++_Lite/arm-none-eabi/lib/libc.a(lib_a-wctomb_r.o)
 .bss           0x3009bda0        0x0 /opt/CodeSourcery/Sourcery_G++_Lite/lib/gcc/arm-none-eabi/4.5.2/libgcc.a(_udivsi3.o)
 .bss           0x3009bda0        0x0 /opt/CodeSourcery/Sourcery_G++_Lite/lib/gcc/arm-none-eabi/4.5.2/libgcc.a(_divsi3.o)
 .bss           0x3009bda0        0x0 /opt/CodeSourcery/Sourcery_G++_Lite/lib/gcc/arm-none-eabi/4.5.2/libgcc.a(_dvmd_tls.o)
 .bss           0x3009bda0        0x0 /opt/CodeSourcery/Sourcery_G++_Lite/lib/gcc/arm-none-eabi/4.5.2/libgcc.a(_arm_addsubdf3.o)
 .bss           0x3009bda0        0x0 /opt/CodeSourcery/Sourcery_G++_Lite/lib/gcc/arm-none-eabi/4.5.2/libgcc.a(_arm_muldivdf3.o)
 .bss           0x3009bda0        0x0 /opt/CodeSourcery/Sourcery_G++_Lite/lib/gcc/arm-none-eabi/4.5.2/libgcc.a(_arm_cmpdf2.o)
 .bss           0x3009bda0        0x0 /opt/CodeSourcery/Sourcery_G++_Lite/lib/gcc/arm-none-eabi/4.5.2/libgcc.a(_arm_fixdfsi.o)
 .bss           0x3009bda0        0x0 /opt/CodeSourcery/Sourcery_G++_Lite/lib/gcc/arm-none-eabi/4.5.2/libgcc.a(_arm_fixunsdfsi.o)
 .bss           0x3009bda0        0x0 /opt/CodeSourcery/Sourcery_G++_Lite/lib/gcc/arm-none-eabi/4.5.2/libgcc.a(_aeabi_uldivmod.o)
 .bss           0x3009bda0        0x0 /opt/CodeSourcery/Sourcery_G++_Lite/lib/gcc/arm-none-eabi/4.5.2/libgcc.a(bpabi.o)
 .bss           0x3009bda0        0x0 /opt/CodeSourcery/Sourcery_G++_Lite/lib/gcc/arm-none-eabi/4.5.2/libgcc.a(_divdi3.o)
 .bss           0x3009bda0        0x0 /opt/CodeSourcery/Sourcery_G++_Lite/lib/gcc/arm-none-eabi/4.5.2/libgcc.a(_udivdi3.o)
 .bss           0x3009bda0        0x0 /opt/CodeSourcery/Sourcery_G++_Lite/lib/gcc/arm-none-eabi/4.5.2/libgcc.a(_clzsi2.o)
 *(.bss.*)
                0x3009bda0                __BSS_END__ = .
                0x3009bda0                . = ALIGN (0x4)

.heap           0x3009bda0   0x200000
                0x3009bda0                . = ALIGN (0x10)
 *fill*         0x3009bda0        0x0 00
                0x3009bda0                _heap = .
                0x3009bda0                HeapBase = .
                0x3009bda0                _heap_start = .
                0x3009bda0                _start_heap = .
                0x3029bda0                . = (. + _HEAP_SIZE)
 *fill*         0x3009bda0   0x200000 00
                0x3029bda0                _heap_end = .
                0x3029bda0                HeapLimit = .
                0x3009bda0                PROVIDE (__cs3_heap_start, _start_heap)

.int_vec        0x33ffff00       0xc0
 s3c2450_startup.o(int_vect)
 int_vect       0x33ffff00       0xc0 s3c2450_startup.o
                0x33ffff00                HandleReset
                0x33ffff04                HandleUndef
                0x33ffff08                HandleSWI
                0x33ffff0c                HandlePabort
                0x33ffff10                HandleDabort
                0x33ffff14                HandleReserved
                0x33ffff18                HandleIRQ
                0x33ffff1c                HandleFIQ
                0x33ffff20                HandleEINT0
                0x33ffff24                HandleEINT1
                0x33ffff28                HandleEINT2
                0x33ffff2c                HandleEINT3
                0x33ffff30                HandleEINT4_7
                0x33ffff34                HandleEINT8_23
                0x33ffff38                HandleCAM
                0x33ffff3c                HandleBATFLT
                0x33ffff40                HandleTICK
                0x33ffff44                HandleWDT
                0x33ffff48                HandleTIMER0
                0x33ffff4c                HandleTIMER1
                0x33ffff50                HandleTIMER2
                0x33ffff54                HandleTIMER3
                0x33ffff58                HandleTIMER4
                0x33ffff5c                HandleUART2
                0x33ffff60                HandleLCD
                0x33ffff64                HandleDMA
                0x33ffff68                HandleUART3
                0x33ffff6c                HandleCFCON
                0x33ffff70                HandleSDI1
                0x33ffff74                HandleSDI0
                0x33ffff78                HandleSPI0
                0x33ffff7c                HandleUART1
                0x33ffff80                HandleNFCON
                0x33ffff84                HandleUSBD
                0x33ffff88                HandleUSBH
                0x33ffff8c                HandleIIC
                0x33ffff90                HandleUART0
                0x33ffff94                HandleSPI1
                0x33ffff98                HandleRTC
                0x33ffff9c                HandleADC
                0x33ffffa0                Handle2D
                0x33ffffa4                HandleIIC1
                0x33ffffa8                HandleRSV1
                0x33ffffac                HandleRSV2
                0x33ffffb0                HandlePCM0
                0x33ffffb4                HandlePCM1
                0x33ffffb8                HandleI2S0
                0x33ffffbc                HandleI2S1
                0x33ffffc0                _end = .
                0x33ffffc0                __end = _end
                0x33ffffc0                PROVIDE (end, .)
LOAD libc.o
LOAD Main.o
LOAD Uart.o
LOAD timer.o
LOAD exception.o
LOAD Lcd_480x272.o
LOAD touch.o
LOAD syscall.o
LOAD s3c2450_startup.o
LOAD libs.o
LOAD /opt/CodeSourcery/Sourcery_G++_Lite/arm-none-eabi/lib/libc.a
LOAD /opt/CodeSourcery/Sourcery_G++_Lite/lib/gcc/arm-none-eabi/4.5.2/libgcc.a
OUTPUT(/home/user/Desktop/m2450/lab/student/00_base_runtime/MDS2450 elf32-littlearm)

.ARM.attributes
                0x00000000       0x2b
 .ARM.attributes
                0x00000000       0x1f s3c2450_startup.o
 .ARM.attributes
                0x0000001f       0x2f libc.o
 .ARM.attributes
                0x0000004e       0x2f Main.o
 .ARM.attributes
                0x0000007d       0x2f Uart.o
 .ARM.attributes
                0x000000ac       0x2f timer.o
 .ARM.attributes
                0x000000db       0x2f exception.o
 .ARM.attributes
                0x0000010a       0x2f Lcd_480x272.o
 .ARM.attributes
                0x00000139       0x2f touch.o
 .ARM.attributes
                0x00000168       0x2f syscall.o
 .ARM.attributes
                0x00000197       0x1f libs.o
 .ARM.attributes
                0x000001b6       0x34 /opt/CodeSourcery/Sourcery_G++_Lite/arm-none-eabi/lib/libc.a(lib_a-errno.o)
 .ARM.attributes
                0x000001ea       0x34 /opt/CodeSourcery/Sourcery_G++_Lite/arm-none-eabi/lib/libc.a(lib_a-impure.o)
 .ARM.attributes
                0x0000021e       0x34 /opt/CodeSourcery/Sourcery_G++_Lite/arm-none-eabi/lib/libc.a(lib_a-memset.o)
 .ARM.attributes
                0x00000252       0x34 /opt/CodeSourcery/Sourcery_G++_Lite/arm-none-eabi/lib/libc.a(lib_a-printf.o)
 .ARM.attributes
                0x00000286       0x34 /opt/CodeSourcery/Sourcery_G++_Lite/arm-none-eabi/lib/libc.a(lib_a-vfprintf.o)
 .ARM.attributes
                0x000002ba       0x34 /opt/CodeSourcery/Sourcery_G++_Lite/arm-none-eabi/lib/libc.a(lib_a-vsprintf.o)
 .ARM.attributes
                0x000002ee       0x34 /opt/CodeSourcery/Sourcery_G++_Lite/arm-none-eabi/lib/libc.a(lib_a-wsetup.o)
 .ARM.attributes
                0x00000322       0x34 /opt/CodeSourcery/Sourcery_G++_Lite/arm-none-eabi/lib/libc.a(lib_a-dtoa.o)
 .ARM.attributes
                0x00000356       0x34 /opt/CodeSourcery/Sourcery_G++_Lite/arm-none-eabi/lib/libc.a(lib_a-fflush.o)
 .ARM.attributes
                0x0000038a       0x34 /opt/CodeSourcery/Sourcery_G++_Lite/arm-none-eabi/lib/libc.a(lib_a-findfp.o)
 .ARM.attributes
                0x000003be       0x34 /opt/CodeSourcery/Sourcery_G++_Lite/arm-none-eabi/lib/libc.a(lib_a-freer.o)
 .ARM.attributes
                0x000003f2       0x34 /opt/CodeSourcery/Sourcery_G++_Lite/arm-none-eabi/lib/libc.a(lib_a-fwalk.o)
 .ARM.attributes
                0x00000426       0x34 /opt/CodeSourcery/Sourcery_G++_Lite/arm-none-eabi/lib/libc.a(lib_a-locale.o)
 .ARM.attributes
                0x0000045a       0x34 /opt/CodeSourcery/Sourcery_G++_Lite/arm-none-eabi/lib/libc.a(lib_a-makebuf.o)
 .ARM.attributes
                0x0000048e       0x34 /opt/CodeSourcery/Sourcery_G++_Lite/arm-none-eabi/lib/libc.a(lib_a-mallocr.o)
 .ARM.attributes
                0x000004c2       0x34 /opt/CodeSourcery/Sourcery_G++_Lite/arm-none-eabi/lib/libc.a(lib_a-memchr.o)
 .ARM.attributes
                0x000004f6       0x34 /opt/CodeSourcery/Sourcery_G++_Lite/arm-none-eabi/lib/libc.a(lib_a-memcpy.o)
 .ARM.attributes
                0x0000052a       0x34 /opt/CodeSourcery/Sourcery_G++_Lite/arm-none-eabi/lib/libc.a(lib_a-mlock.o)
 .ARM.attributes
                0x0000055e       0x34 /opt/CodeSourcery/Sourcery_G++_Lite/arm-none-eabi/lib/libc.a(lib_a-mprec.o)
 .ARM.attributes
                0x00000592       0x34 /opt/CodeSourcery/Sourcery_G++_Lite/arm-none-eabi/lib/libc.a(lib_a-s_fpclassify.o)
 .ARM.attributes
                0x000005c6       0x34 /opt/CodeSourcery/Sourcery_G++_Lite/arm-none-eabi/lib/libc.a(lib_a-stdio.o)
 .ARM.attributes
                0x000005fa       0x34 /opt/CodeSourcery/Sourcery_G++_Lite/arm-none-eabi/lib/libc.a(lib_a-strcmp.o)
 .ARM.attributes
                0x0000062e       0x34 /opt/CodeSourcery/Sourcery_G++_Lite/arm-none-eabi/lib/libc.a(lib_a-svfprintf.o)
 .ARM.attributes
                0x00000662       0x34 /opt/CodeSourcery/Sourcery_G++_Lite/arm-none-eabi/lib/libc.a(lib_a-vfiprintf.o)
 .ARM.attributes
                0x00000696       0x34 /opt/CodeSourcery/Sourcery_G++_Lite/arm-none-eabi/lib/libc.a(lib_a-callocr.o)
 .ARM.attributes
                0x000006ca       0x34 /opt/CodeSourcery/Sourcery_G++_Lite/arm-none-eabi/lib/libc.a(lib_a-fclose.o)
 .ARM.attributes
                0x000006fe       0x34 /opt/CodeSourcery/Sourcery_G++_Lite/arm-none-eabi/lib/libc.a(lib_a-fputwc.o)
 .ARM.attributes
                0x00000732       0x34 /opt/CodeSourcery/Sourcery_G++_Lite/arm-none-eabi/lib/libc.a(lib_a-fvwrite.o)
 .ARM.attributes
                0x00000766       0x34 /opt/CodeSourcery/Sourcery_G++_Lite/arm-none-eabi/lib/libc.a(lib_a-memmove.o)
 .ARM.attributes
                0x0000079a       0x34 /opt/CodeSourcery/Sourcery_G++_Lite/arm-none-eabi/lib/libc.a(lib_a-reallocr.o)
 .ARM.attributes
                0x000007ce       0x34 /opt/CodeSourcery/Sourcery_G++_Lite/arm-none-eabi/lib/libc.a(lib_a-svfiprintf.o)
 .ARM.attributes
                0x00000802       0x34 /opt/CodeSourcery/Sourcery_G++_Lite/arm-none-eabi/lib/libc.a(lib_a-wbuf.o)
 .ARM.attributes
                0x00000836       0x34 /opt/CodeSourcery/Sourcery_G++_Lite/arm-none-eabi/lib/libc.a(lib_a-wcrtomb.o)
 .ARM.attributes
                0x0000086a       0x34 /opt/CodeSourcery/Sourcery_G++_Lite/arm-none-eabi/lib/libc.a(lib_a-wctomb_r.o)
 .ARM.attributes
                0x0000089e       0x1a /opt/CodeSourcery/Sourcery_G++_Lite/lib/gcc/arm-none-eabi/4.5.2/libgcc.a(_udivsi3.o)
 .ARM.attributes
                0x000008b8       0x1a /opt/CodeSourcery/Sourcery_G++_Lite/lib/gcc/arm-none-eabi/4.5.2/libgcc.a(_divsi3.o)
 .ARM.attributes
                0x000008d2       0x18 /opt/CodeSourcery/Sourcery_G++_Lite/lib/gcc/arm-none-eabi/4.5.2/libgcc.a(_dvmd_tls.o)
 .ARM.attributes
                0x000008ea       0x1a /opt/CodeSourcery/Sourcery_G++_Lite/lib/gcc/arm-none-eabi/4.5.2/libgcc.a(_arm_addsubdf3.o)
 .ARM.attributes
                0x00000904       0x1a /opt/CodeSourcery/Sourcery_G++_Lite/lib/gcc/arm-none-eabi/4.5.2/libgcc.a(_arm_muldivdf3.o)
 .ARM.attributes
                0x0000091e       0x1a /opt/CodeSourcery/Sourcery_G++_Lite/lib/gcc/arm-none-eabi/4.5.2/libgcc.a(_arm_cmpdf2.o)
 .ARM.attributes
                0x00000938       0x1a /opt/CodeSourcery/Sourcery_G++_Lite/lib/gcc/arm-none-eabi/4.5.2/libgcc.a(_arm_fixdfsi.o)
 .ARM.attributes
                0x00000952       0x1a /opt/CodeSourcery/Sourcery_G++_Lite/lib/gcc/arm-none-eabi/4.5.2/libgcc.a(_arm_fixunsdfsi.o)
 .ARM.attributes
                0x0000096c       0x1a /opt/CodeSourcery/Sourcery_G++_Lite/lib/gcc/arm-none-eabi/4.5.2/libgcc.a(_aeabi_uldivmod.o)
 .ARM.attributes
                0x00000986       0x34 /opt/CodeSourcery/Sourcery_G++_Lite/lib/gcc/arm-none-eabi/4.5.2/libgcc.a(bpabi.o)
 .ARM.attributes
                0x000009ba       0x34 /opt/CodeSourcery/Sourcery_G++_Lite/lib/gcc/arm-none-eabi/4.5.2/libgcc.a(_divdi3.o)
 .ARM.attributes
                0x000009ee       0x34 /opt/CodeSourcery/Sourcery_G++_Lite/lib/gcc/arm-none-eabi/4.5.2/libgcc.a(_udivdi3.o)
 .ARM.attributes
                0x00000a22       0x1a /opt/CodeSourcery/Sourcery_G++_Lite/lib/gcc/arm-none-eabi/4.5.2/libgcc.a(_clzsi2.o)

.comment        0x00000000       0x2a
 .comment       0x00000000       0x2a libc.o
                                 0x2b (size before relaxing)
 .comment       0x00000000       0x2b Main.o
 .comment       0x00000000       0x2b Uart.o
 .comment       0x00000000       0x2b timer.o
 .comment       0x00000000       0x2b exception.o
 .comment       0x00000000       0x2b Lcd_480x272.o
 .comment       0x00000000       0x2b touch.o
 .comment       0x00000000       0x2b syscall.o

.debug_line     0x00000000      0xd7c
 .debug_line    0x00000000       0xc0 s3c2450_startup.o
 .debug_line    0x000000c0      0x123 libc.o
 .debug_line    0x000001e3      0x198 Main.o
 .debug_line    0x0000037b      0x1ae Uart.o
 .debug_line    0x00000529       0x5b timer.o
 .debug_line    0x00000584       0x67 exception.o
 .debug_line    0x000005eb      0x4e1 Lcd_480x272.o
 .debug_line    0x00000acc       0x5b touch.o
 .debug_line    0x00000b27      0x142 syscall.o
 .debug_line    0x00000c69      0x113 libs.o

.debug_info     0x00000000     0x2644
 .debug_info    0x00000000       0x70 s3c2450_startup.o
 .debug_info    0x00000070      0x31e libc.o
 .debug_info    0x0000038e      0x33c Main.o
 .debug_info    0x000006ca      0x331 Uart.o
 .debug_info    0x000009fb       0x9c timer.o
 .debug_info    0x00000a97      0x12f exception.o
 .debug_info    0x00000bc6      0xbbb Lcd_480x272.o
 .debug_info    0x00001781       0x98 touch.o
 .debug_info    0x00001819      0xdc6 syscall.o
 .debug_info    0x000025df       0x65 libs.o

.debug_abbrev   0x00000000      0x8dd
 .debug_abbrev  0x00000000       0x14 s3c2450_startup.o
 .debug_abbrev  0x00000014      0x15c libc.o
 .debug_abbrev  0x00000170      0x11b Main.o
 .debug_abbrev  0x0000028b      0x10b Uart.o
 .debug_abbrev  0x00000396       0x7c timer.o
 .debug_abbrev  0x00000412       0x92 exception.o
 .debug_abbrev  0x000004a4      0x18d Lcd_480x272.o
 .debug_abbrev  0x00000631       0x79 touch.o
 .debug_abbrev  0x000006aa      0x21f syscall.o
 .debug_abbrev  0x000008c9       0x14 libs.o

.debug_aranges  0x00000000      0x140
 .debug_aranges
                0x00000000       0x20 s3c2450_startup.o
 .debug_aranges
                0x00000020       0x20 libc.o
 .debug_aranges
                0x00000040       0x20 Main.o
 .debug_aranges
                0x00000060       0x20 Uart.o
 .debug_aranges
                0x00000080       0x20 timer.o
 .debug_aranges
                0x000000a0       0x20 exception.o
 .debug_aranges
                0x000000c0       0x20 Lcd_480x272.o
 .debug_aranges
                0x000000e0       0x20 touch.o
 .debug_aranges
                0x00000100       0x20 syscall.o
 .debug_aranges
                0x00000120       0x20 libs.o

.debug_loc      0x00000000      0x8ad
 .debug_loc     0x00000000      0x124 libc.o
 .debug_loc     0x00000124       0x98 Main.o
 .debug_loc     0x000001bc      0x16a Uart.o
 .debug_loc     0x00000326       0x2c timer.o
 .debug_loc     0x00000352       0x98 exception.o
 .debug_loc     0x000003ea      0x353 Lcd_480x272.o
 .debug_loc     0x0000073d       0x40 touch.o
 .debug_loc     0x0000077d      0x130 syscall.o

.debug_pubnames
                0x00000000      0x62a
 .debug_pubnames
                0x00000000       0xcc libc.o
 .debug_pubnames
                0x000000cc       0xec Main.o
 .debug_pubnames
                0x000001b8       0xd9 Uart.o
 .debug_pubnames
                0x00000291       0x5e timer.o
 .debug_pubnames
                0x000002ef       0x6d exception.o
 .debug_pubnames
                0x0000035c      0x201 Lcd_480x272.o
 .debug_pubnames
                0x0000055d       0x49 touch.o
 .debug_pubnames
                0x000005a6       0x84 syscall.o

.debug_pubtypes
                0x00000000      0x217
 .debug_pubtypes
                0x00000000       0x12 libc.o
 .debug_pubtypes
                0x00000012       0x12 Main.o
 .debug_pubtypes
                0x00000024       0x3f Uart.o
 .debug_pubtypes
                0x00000063       0x3f Lcd_480x272.o
 .debug_pubtypes
                0x000000a2      0x175 syscall.o

.debug_str      0x00000000      0xb2e
 .debug_str     0x00000000      0x152 libc.o
                                0x1a1 (size before relaxing)
 .debug_str     0x00000152       0xa5 Main.o
                                0x17b (size before relaxing)
 .debug_str     0x000001f7       0xea Uart.o
                                0x15b (size before relaxing)
 .debug_str     0x000002e1       0x49 timer.o
                                 0x97 (size before relaxing)
 .debug_str     0x0000032a       0x9b exception.o
                                 0xe9 (size before relaxing)
 .debug_str     0x000003c5      0x22e Lcd_480x272.o
                                0x316 (size before relaxing)
 .debug_str     0x000005f3       0x3a touch.o
                                 0x7b (size before relaxing)
 .debug_str     0x0000062d      0x501 syscall.o
                                0x628 (size before relaxing)

.debug_frame    0x00000000     0x13dc
 .debug_frame   0x00000000      0x104 libc.o
 .debug_frame   0x00000104       0x80 Main.o
 .debug_frame   0x00000184      0x128 Uart.o
 .debug_frame   0x000002ac       0x5c timer.o
 .debug_frame   0x00000308       0x88 exception.o
 .debug_frame   0x00000390      0x250 Lcd_480x272.o
 .debug_frame   0x000005e0       0x48 touch.o
 .debug_frame   0x00000628       0xd0 syscall.o
 .debug_frame   0x000006f8       0x20 /opt/CodeSourcery/Sourcery_G++_Lite/arm-none-eabi/lib/libc.a(lib_a-errno.o)
 .debug_frame   0x00000718       0x28 /opt/CodeSourcery/Sourcery_G++_Lite/arm-none-eabi/lib/libc.a(lib_a-memset.o)
 .debug_frame   0x00000740       0x58 /opt/CodeSourcery/Sourcery_G++_Lite/arm-none-eabi/lib/libc.a(lib_a-printf.o)
 .debug_frame   0x00000798       0x58 /opt/CodeSourcery/Sourcery_G++_Lite/arm-none-eabi/lib/libc.a(lib_a-vfprintf.o)
 .debug_frame   0x000007f0       0x44 /opt/CodeSourcery/Sourcery_G++_Lite/arm-none-eabi/lib/libc.a(lib_a-vsprintf.o)
 .debug_frame   0x00000834       0x2c /opt/CodeSourcery/Sourcery_G++_Lite/arm-none-eabi/lib/libc.a(lib_a-wsetup.o)
 .debug_frame   0x00000860       0x64 /opt/CodeSourcery/Sourcery_G++_Lite/arm-none-eabi/lib/libc.a(lib_a-dtoa.o)
 .debug_frame   0x000008c4       0x48 /opt/CodeSourcery/Sourcery_G++_Lite/arm-none-eabi/lib/libc.a(lib_a-fflush.o)
 .debug_frame   0x0000090c      0x12c /opt/CodeSourcery/Sourcery_G++_Lite/arm-none-eabi/lib/libc.a(lib_a-findfp.o)
 .debug_frame   0x00000a38       0x50 /opt/CodeSourcery/Sourcery_G++_Lite/arm-none-eabi/lib/libc.a(lib_a-freer.o)
 .debug_frame   0x00000a88       0x58 /opt/CodeSourcery/Sourcery_G++_Lite/arm-none-eabi/lib/libc.a(lib_a-fwalk.o)
 .debug_frame   0x00000ae0       0x98 /opt/CodeSourcery/Sourcery_G++_Lite/arm-none-eabi/lib/libc.a(lib_a-locale.o)
 .debug_frame   0x00000b78       0x34 /opt/CodeSourcery/Sourcery_G++_Lite/arm-none-eabi/lib/libc.a(lib_a-makebuf.o)
 .debug_frame   0x00000bac       0x3c /opt/CodeSourcery/Sourcery_G++_Lite/arm-none-eabi/lib/libc.a(lib_a-mallocr.o)
 .debug_frame   0x00000be8       0x2c /opt/CodeSourcery/Sourcery_G++_Lite/arm-none-eabi/lib/libc.a(lib_a-memchr.o)
 .debug_frame   0x00000c14       0x30 /opt/CodeSourcery/Sourcery_G++_Lite/arm-none-eabi/lib/libc.a(lib_a-memcpy.o)
 .debug_frame   0x00000c44       0x30 /opt/CodeSourcery/Sourcery_G++_Lite/arm-none-eabi/lib/libc.a(lib_a-mlock.o)
 .debug_frame   0x00000c74      0x228 /opt/CodeSourcery/Sourcery_G++_Lite/arm-none-eabi/lib/libc.a(lib_a-mprec.o)
 .debug_frame   0x00000e9c       0x28 /opt/CodeSourcery/Sourcery_G++_Lite/arm-none-eabi/lib/libc.a(lib_a-s_fpclassify.o)
 .debug_frame   0x00000ec4       0x88 /opt/CodeSourcery/Sourcery_G++_Lite/arm-none-eabi/lib/libc.a(lib_a-stdio.o)
 .debug_frame   0x00000f4c       0x30 /opt/CodeSourcery/Sourcery_G++_Lite/arm-none-eabi/lib/libc.a(lib_a-strcmp.o)
 .debug_frame   0x00000f7c       0x3c /opt/CodeSourcery/Sourcery_G++_Lite/arm-none-eabi/lib/libc.a(lib_a-svfprintf.o)
 .debug_frame   0x00000fb8       0x7c /opt/CodeSourcery/Sourcery_G++_Lite/arm-none-eabi/lib/libc.a(lib_a-vfiprintf.o)
 .debug_frame   0x00001034       0x28 /opt/CodeSourcery/Sourcery_G++_Lite/arm-none-eabi/lib/libc.a(lib_a-callocr.o)
 .debug_frame   0x0000105c       0x3c /opt/CodeSourcery/Sourcery_G++_Lite/arm-none-eabi/lib/libc.a(lib_a-fclose.o)
 .debug_frame   0x00001098       0x54 /opt/CodeSourcery/Sourcery_G++_Lite/arm-none-eabi/lib/libc.a(lib_a-fputwc.o)
 .debug_frame   0x000010ec       0x3c /opt/CodeSourcery/Sourcery_G++_Lite/arm-none-eabi/lib/libc.a(lib_a-fvwrite.o)
 .debug_frame   0x00001128       0x2c /opt/CodeSourcery/Sourcery_G++_Lite/arm-none-eabi/lib/libc.a(lib_a-memmove.o)
 .debug_frame   0x00001154       0x3c /opt/CodeSourcery/Sourcery_G++_Lite/arm-none-eabi/lib/libc.a(lib_a-reallocr.o)
 .debug_frame   0x00001190       0x68 /opt/CodeSourcery/Sourcery_G++_Lite/arm-none-eabi/lib/libc.a(lib_a-svfiprintf.o)
 .debug_frame   0x000011f8       0x3c /opt/CodeSourcery/Sourcery_G++_Lite/arm-none-eabi/lib/libc.a(lib_a-wbuf.o)
 .debug_frame   0x00001234       0x5c /opt/CodeSourcery/Sourcery_G++_Lite/arm-none-eabi/lib/libc.a(lib_a-wcrtomb.o)
 .debug_frame   0x00001290       0x44 /opt/CodeSourcery/Sourcery_G++_Lite/arm-none-eabi/lib/libc.a(lib_a-wctomb_r.o)
 .debug_frame   0x000012d4       0x20 /opt/CodeSourcery/Sourcery_G++_Lite/lib/gcc/arm-none-eabi/4.5.2/libgcc.a(_udivsi3.o)
 .debug_frame   0x000012f4       0x20 /opt/CodeSourcery/Sourcery_G++_Lite/lib/gcc/arm-none-eabi/4.5.2/libgcc.a(_divsi3.o)
 .debug_frame   0x00001314       0x50 /opt/CodeSourcery/Sourcery_G++_Lite/lib/gcc/arm-none-eabi/4.5.2/libgcc.a(bpabi.o)
 .debug_frame   0x00001364       0x3c /opt/CodeSourcery/Sourcery_G++_Lite/lib/gcc/arm-none-eabi/4.5.2/libgcc.a(_divdi3.o)
 .debug_frame   0x000013a0       0x3c /opt/CodeSourcery/Sourcery_G++_Lite/lib/gcc/arm-none-eabi/4.5.2/libgcc.a(_udivdi3.o)

Cross Reference Table

Symbol                                            File
ADC_x                                             Main.o
ADC_y                                             Main.o
CLR_IF                                            libs.o
CONDITIONAL_EXECUTE                               libs.o
Cal_x1                                            Main.o
Cal_x2                                            Main.o
Cal_y1                                            Main.o
Cal_y2                                            Main.o
ChangeRomCacheStatus                              libc.o
DATA_PROCESS1                                     libs.o
DATA_PROCESS2                                     libs.o
Dabort_Handler                                    exception.o
ElapseTimer_Start                                 timer.o
ElapseTimer_Stop                                  timer.o
Exception_Init                                    exception.o
                                                  Main.o
                                                  s3c2450_startup.o
Fb_ptr                                            Lcd_480x272.o
GRT_COM_MES                                       libs.o
Graphic_Init                                      Lcd_480x272.o
                                                  Main.o
HOW_TO_RETURN                                     libs.o
HW_Initial                                        Main.o
HanTable                                          Lcd_480x272.o
Handle2D                                          s3c2450_startup.o
HandleADC                                         s3c2450_startup.o
HandleBATFLT                                      s3c2450_startup.o
HandleCAM                                         s3c2450_startup.o
HandleCFCON                                       s3c2450_startup.o
HandleDMA                                         s3c2450_startup.o
HandleDabort                                      s3c2450_startup.o
                                                  exception.o
HandleEINT0                                       s3c2450_startup.o
HandleEINT1                                       s3c2450_startup.o
HandleEINT2                                       s3c2450_startup.o
HandleEINT3                                       s3c2450_startup.o
HandleEINT4_7                                     s3c2450_startup.o
HandleEINT8_23                                    s3c2450_startup.o
HandleFIQ                                         s3c2450_startup.o
HandleI2S0                                        s3c2450_startup.o
HandleI2S1                                        s3c2450_startup.o
HandleIIC                                         s3c2450_startup.o
HandleIIC1                                        s3c2450_startup.o
HandleIRQ                                         s3c2450_startup.o
HandleLCD                                         s3c2450_startup.o
HandleNFCON                                       s3c2450_startup.o
HandlePCM0                                        s3c2450_startup.o
HandlePCM1                                        s3c2450_startup.o
HandlePabort                                      s3c2450_startup.o
                                                  exception.o
HandleRSV1                                        s3c2450_startup.o
HandleRSV2                                        s3c2450_startup.o
HandleRTC                                         s3c2450_startup.o
HandleReserved                                    s3c2450_startup.o
HandleReset                                       s3c2450_startup.o
HandleSDI0                                        s3c2450_startup.o
HandleSDI1                                        s3c2450_startup.o
HandleSPI0                                        s3c2450_startup.o
HandleSPI1                                        s3c2450_startup.o
HandleSWI                                         s3c2450_startup.o
                                                  exception.o
HandleTICK                                        s3c2450_startup.o
HandleTIMER0                                      s3c2450_startup.o
HandleTIMER1                                      s3c2450_startup.o
HandleTIMER2                                      s3c2450_startup.o
HandleTIMER3                                      s3c2450_startup.o
HandleTIMER4                                      s3c2450_startup.o
HandleUART0                                       s3c2450_startup.o
HandleUART1                                       s3c2450_startup.o
HandleUART2                                       s3c2450_startup.o
HandleUART3                                       s3c2450_startup.o
HandleUSBD                                        s3c2450_startup.o
HandleUSBH                                        s3c2450_startup.o
HandleUndef                                       s3c2450_startup.o
                                                  exception.o
HandleWDT                                         s3c2450_startup.o
IsrIRQ                                            s3c2450_startup.o
Lcd_Clr_Screen                                    Lcd_480x272.o
                                                  Main.o
Lcd_Copy                                          Lcd_480x272.o
Lcd_Display_Frame_Buffer                          Lcd_480x272.o
                                                  Main.o
Lcd_Draw_BMP                                      Lcd_480x272.o
                                                  Main.o
Lcd_Eng_Putch                                     Lcd_480x272.o
Lcd_Envid_On_Off                                  Lcd_480x272.o
Lcd_Fill_Rectangular                              Lcd_480x272.o
Lcd_Get_Info_BMP                                  Lcd_480x272.o
                                                  Main.o
Lcd_Han_Putch                                     Lcd_480x272.o
Lcd_Hline                                         Lcd_480x272.o
                                                  Main.o
Lcd_Init                                          Lcd_480x272.o
Lcd_Line                                          Lcd_480x272.o
Lcd_Port_Init                                     Lcd_480x272.o
Lcd_Power_Enable                                  Lcd_480x272.o
Lcd_Printf                                        Lcd_480x272.o
                                                  Main.o
Lcd_Put_Pixel                                     Lcd_480x272.o
                                                  Main.o
Lcd_Puts                                          Lcd_480x272.o
Lcd_Rectangular                                   Lcd_480x272.o
Lcd_Select_Frame_Buffer                           Lcd_480x272.o
                                                  Main.o
Lcd_Set_Address                                   Lcd_480x272.o
Lcd_Set_Tran_Mode                                 Lcd_480x272.o
Lcd_Vline                                         Lcd_480x272.o
                                                  Main.o
Lcd_Wait_Blank                                    Lcd_480x272.o
                                                  Main.o
Led_Display                                       libc.o
                                                  Main.o
Led_Port_Init                                     libc.o
MEMCPY                                            libs.o
MEMCPY_MULTIPLE                                   libs.o
MEMCPY_SINGLE                                     libs.o
MMU_CleanDCacheIndex                              libs.o
MMU_CleanDCacheMVA                                libs.o
MMU_CleanInvalidateDCacheIndex                    libs.o
                                                  libc.o
MMU_CleanInvalidateDCacheMVA                      libs.o
MMU_DisableAlignFault                             libs.o
MMU_DisableDCache                                 libs.o
                                                  libc.o
MMU_DisableICache                                 libs.o
                                                  libc.o
MMU_DisableMMU                                    libs.o
                                                  libc.o
MMU_EnableAlignFault                              libs.o
                                                  libc.o
MMU_EnableDCache                                  libs.o
                                                  libc.o
MMU_EnableICache                                  libs.o
                                                  libc.o
MMU_EnableMMU                                     libs.o
                                                  libc.o
MMU_Init                                          libc.o
                                                  Main.o
MMU_InvalidateDCache                              libs.o
MMU_InvalidateDCacheMVA                           libs.o
MMU_InvalidateDTLB                                libs.o
MMU_InvalidateDTLBMVA                             libs.o
MMU_InvalidateICache                              libs.o
                                                  libc.o
MMU_InvalidateICacheMVA                           libs.o
MMU_InvalidateIDCache                             libs.o
MMU_InvalidateITLB                                libs.o
MMU_InvalidateITLBMVA                             libs.o
MMU_InvalidateTLB                                 libs.o
                                                  libc.o
MMU_PrefetchICacheMVA                             libs.o
MMU_SetAsyncBusMode                               libs.o
MMU_SetDCacheLockdownBase                         libs.o
MMU_SetDTLBLockdown                               libs.o
MMU_SetDomain                                     libs.o
                                                  libc.o
MMU_SetFastBusMode                                libs.o
MMU_SetICacheLockdownBase                         libs.o
MMU_SetITLBLockdown                               libs.o
MMU_SetMTT                                        libc.o
MMU_SetProcessId                                  libs.o
                                                  libc.o
MMU_SetTTBase                                     libs.o
                                                  libc.o
MMU_WaitForInterrupt                              libs.o
MYIMG                                             Main.o
MemDump                                           libc.o
MemFill                                           libc.o
Pabort_Handler                                    exception.o
ResetHandler                                      s3c2450_startup.o
SET_IF                                            libs.o
SUM_OF_DEC                                        libs.o
SWI_Handler                                       exception.o
Show_Welcome                                      Main.o
Timer0_Delay                                      timer.o
                                                  Main.o
Timer0_Init                                       timer.o
                                                  Main.o
Touch_ISR                                         Main.o
Touch_ISR_Enable                                  touch.o
                                                  Main.o
Touch_Init                                        touch.o
Touch_Isr_Init                                    touch.o
                                                  Main.o
Touch_config                                      Main.o
Touch_pressed                                     Main.o
Touch_x                                           Main.o
Touch_y                                           Main.o
Uart_GetChar                                      Uart.o
Uart_GetIntNum                                    Uart.o
Uart_GetKey                                       Uart.o
Uart_GetString                                    Uart.o
Uart_Get_Pressed                                  Uart.o
                                                  Main.o
Uart_Init                                         Uart.o
                                                  Main.o
Uart_Printf                                       Uart.o
                                                  syscall.o
                                                  exception.o
                                                  Main.o
                                                  libc.o
Uart_Send_Byte                                    Uart.o
                                                  syscall.o
Uart_Send_String                                  Uart.o
Uart_TxEmpty                                      Uart.o
Undef_Handler                                     exception.o
WR_IF                                             libs.o
_Balloc                                           /opt/CodeSourcery/Sourcery_G++_Lite/arm-none-eabi/lib/libc.a(lib_a-mprec.o)
                                                  /opt/CodeSourcery/Sourcery_G++_Lite/arm-none-eabi/lib/libc.a(lib_a-dtoa.o)
_Bfree                                            /opt/CodeSourcery/Sourcery_G++_Lite/arm-none-eabi/lib/libc.a(lib_a-mprec.o)
                                                  /opt/CodeSourcery/Sourcery_G++_Lite/arm-none-eabi/lib/libc.a(lib_a-dtoa.o)
_PathLocale                                       /opt/CodeSourcery/Sourcery_G++_Lite/arm-none-eabi/lib/libc.a(lib_a-locale.o)
__BSS_END__                                       s3c2450_startup.o
__BSS_START__                                     s3c2450_startup.o
__DATA_START__                                    s3c2450_startup.o
__RODATA_END__                                    s3c2450_startup.o
__adddf3                                          /opt/CodeSourcery/Sourcery_G++_Lite/lib/gcc/arm-none-eabi/4.5.2/libgcc.a(_arm_addsubdf3.o)
__aeabi_cdcmpeq                                   /opt/CodeSourcery/Sourcery_G++_Lite/lib/gcc/arm-none-eabi/4.5.2/libgcc.a(_arm_cmpdf2.o)
__aeabi_cdcmple                                   /opt/CodeSourcery/Sourcery_G++_Lite/lib/gcc/arm-none-eabi/4.5.2/libgcc.a(_arm_cmpdf2.o)
__aeabi_cdrcmple                                  /opt/CodeSourcery/Sourcery_G++_Lite/lib/gcc/arm-none-eabi/4.5.2/libgcc.a(_arm_cmpdf2.o)
__aeabi_d2iz                                      /opt/CodeSourcery/Sourcery_G++_Lite/lib/gcc/arm-none-eabi/4.5.2/libgcc.a(_arm_fixdfsi.o)
                                                  /opt/CodeSourcery/Sourcery_G++_Lite/arm-none-eabi/lib/libc.a(lib_a-dtoa.o)
__aeabi_d2uiz                                     /opt/CodeSourcery/Sourcery_G++_Lite/lib/gcc/arm-none-eabi/4.5.2/libgcc.a(_arm_fixunsdfsi.o)
                                                  timer.o
                                                  Uart.o
__aeabi_dadd                                      /opt/CodeSourcery/Sourcery_G++_Lite/lib/gcc/arm-none-eabi/4.5.2/libgcc.a(_arm_addsubdf3.o)
                                                  /opt/CodeSourcery/Sourcery_G++_Lite/arm-none-eabi/lib/libc.a(lib_a-dtoa.o)
                                                  Uart.o
__aeabi_dcmpeq                                    /opt/CodeSourcery/Sourcery_G++_Lite/lib/gcc/arm-none-eabi/4.5.2/libgcc.a(_arm_cmpdf2.o)
                                                  /opt/CodeSourcery/Sourcery_G++_Lite/arm-none-eabi/lib/libc.a(lib_a-svfprintf.o)
                                                  /opt/CodeSourcery/Sourcery_G++_Lite/arm-none-eabi/lib/libc.a(lib_a-dtoa.o)
                                                  /opt/CodeSourcery/Sourcery_G++_Lite/arm-none-eabi/lib/libc.a(lib_a-vfprintf.o)
__aeabi_dcmpge                                    /opt/CodeSourcery/Sourcery_G++_Lite/lib/gcc/arm-none-eabi/4.5.2/libgcc.a(_arm_cmpdf2.o)
                                                  /opt/CodeSourcery/Sourcery_G++_Lite/arm-none-eabi/lib/libc.a(lib_a-dtoa.o)
__aeabi_dcmpgt                                    /opt/CodeSourcery/Sourcery_G++_Lite/lib/gcc/arm-none-eabi/4.5.2/libgcc.a(_arm_cmpdf2.o)
                                                  /opt/CodeSourcery/Sourcery_G++_Lite/arm-none-eabi/lib/libc.a(lib_a-dtoa.o)
__aeabi_dcmple                                    /opt/CodeSourcery/Sourcery_G++_Lite/lib/gcc/arm-none-eabi/4.5.2/libgcc.a(_arm_cmpdf2.o)
__aeabi_dcmplt                                    /opt/CodeSourcery/Sourcery_G++_Lite/lib/gcc/arm-none-eabi/4.5.2/libgcc.a(_arm_cmpdf2.o)
                                                  /opt/CodeSourcery/Sourcery_G++_Lite/arm-none-eabi/lib/libc.a(lib_a-svfprintf.o)
                                                  /opt/CodeSourcery/Sourcery_G++_Lite/arm-none-eabi/lib/libc.a(lib_a-dtoa.o)
                                                  /opt/CodeSourcery/Sourcery_G++_Lite/arm-none-eabi/lib/libc.a(lib_a-vfprintf.o)
__aeabi_ddiv                                      /opt/CodeSourcery/Sourcery_G++_Lite/lib/gcc/arm-none-eabi/4.5.2/libgcc.a(_arm_muldivdf3.o)
                                                  /opt/CodeSourcery/Sourcery_G++_Lite/arm-none-eabi/lib/libc.a(lib_a-mprec.o)
                                                  /opt/CodeSourcery/Sourcery_G++_Lite/arm-none-eabi/lib/libc.a(lib_a-dtoa.o)
                                                  Uart.o
__aeabi_dmul                                      /opt/CodeSourcery/Sourcery_G++_Lite/lib/gcc/arm-none-eabi/4.5.2/libgcc.a(_arm_muldivdf3.o)
                                                  /opt/CodeSourcery/Sourcery_G++_Lite/arm-none-eabi/lib/libc.a(lib_a-mprec.o)
                                                  /opt/CodeSourcery/Sourcery_G++_Lite/arm-none-eabi/lib/libc.a(lib_a-dtoa.o)
                                                  timer.o
__aeabi_drsub                                     /opt/CodeSourcery/Sourcery_G++_Lite/lib/gcc/arm-none-eabi/4.5.2/libgcc.a(_arm_addsubdf3.o)
__aeabi_dsub                                      /opt/CodeSourcery/Sourcery_G++_Lite/lib/gcc/arm-none-eabi/4.5.2/libgcc.a(_arm_addsubdf3.o)
                                                  /opt/CodeSourcery/Sourcery_G++_Lite/arm-none-eabi/lib/libc.a(lib_a-dtoa.o)
__aeabi_f2d                                       /opt/CodeSourcery/Sourcery_G++_Lite/lib/gcc/arm-none-eabi/4.5.2/libgcc.a(_arm_addsubdf3.o)
__aeabi_i2d                                       /opt/CodeSourcery/Sourcery_G++_Lite/lib/gcc/arm-none-eabi/4.5.2/libgcc.a(_arm_addsubdf3.o)
                                                  /opt/CodeSourcery/Sourcery_G++_Lite/arm-none-eabi/lib/libc.a(lib_a-dtoa.o)
                                                  timer.o
                                                  Uart.o
__aeabi_idiv                                      /opt/CodeSourcery/Sourcery_G++_Lite/lib/gcc/arm-none-eabi/4.5.2/libgcc.a(_divsi3.o)
                                                  Main.o
__aeabi_idiv0                                     /opt/CodeSourcery/Sourcery_G++_Lite/lib/gcc/arm-none-eabi/4.5.2/libgcc.a(_dvmd_tls.o)
                                                  /opt/CodeSourcery/Sourcery_G++_Lite/lib/gcc/arm-none-eabi/4.5.2/libgcc.a(_divsi3.o)
                                                  /opt/CodeSourcery/Sourcery_G++_Lite/lib/gcc/arm-none-eabi/4.5.2/libgcc.a(_udivsi3.o)
__aeabi_idivmod                                   /opt/CodeSourcery/Sourcery_G++_Lite/lib/gcc/arm-none-eabi/4.5.2/libgcc.a(_divsi3.o)
__aeabi_l2d                                       /opt/CodeSourcery/Sourcery_G++_Lite/lib/gcc/arm-none-eabi/4.5.2/libgcc.a(_arm_addsubdf3.o)
__aeabi_ldiv0                                     /opt/CodeSourcery/Sourcery_G++_Lite/lib/gcc/arm-none-eabi/4.5.2/libgcc.a(_dvmd_tls.o)
                                                  /opt/CodeSourcery/Sourcery_G++_Lite/lib/gcc/arm-none-eabi/4.5.2/libgcc.a(_aeabi_uldivmod.o)
__aeabi_ui2d                                      /opt/CodeSourcery/Sourcery_G++_Lite/lib/gcc/arm-none-eabi/4.5.2/libgcc.a(_arm_addsubdf3.o)
                                                  /opt/CodeSourcery/Sourcery_G++_Lite/arm-none-eabi/lib/libc.a(lib_a-dtoa.o)
__aeabi_uidiv                                     /opt/CodeSourcery/Sourcery_G++_Lite/lib/gcc/arm-none-eabi/4.5.2/libgcc.a(_udivsi3.o)
                                                  /opt/CodeSourcery/Sourcery_G++_Lite/lib/gcc/arm-none-eabi/4.5.2/libgcc.a(_udivdi3.o)
                                                  /opt/CodeSourcery/Sourcery_G++_Lite/lib/gcc/arm-none-eabi/4.5.2/libgcc.a(_divdi3.o)
                                                  /opt/CodeSourcery/Sourcery_G++_Lite/arm-none-eabi/lib/libc.a(lib_a-dtoa.o)
                                                  Lcd_480x272.o
__aeabi_uidivmod                                  /opt/CodeSourcery/Sourcery_G++_Lite/lib/gcc/arm-none-eabi/4.5.2/libgcc.a(_udivsi3.o)
                                                  /opt/CodeSourcery/Sourcery_G++_Lite/lib/gcc/arm-none-eabi/4.5.2/libgcc.a(_udivdi3.o)
                                                  /opt/CodeSourcery/Sourcery_G++_Lite/lib/gcc/arm-none-eabi/4.5.2/libgcc.a(_divdi3.o)
__aeabi_ul2d                                      /opt/CodeSourcery/Sourcery_G++_Lite/lib/gcc/arm-none-eabi/4.5.2/libgcc.a(_arm_addsubdf3.o)
__aeabi_uldivmod                                  /opt/CodeSourcery/Sourcery_G++_Lite/lib/gcc/arm-none-eabi/4.5.2/libgcc.a(_aeabi_uldivmod.o)
                                                  /opt/CodeSourcery/Sourcery_G++_Lite/arm-none-eabi/lib/libc.a(lib_a-svfiprintf.o)
                                                  /opt/CodeSourcery/Sourcery_G++_Lite/arm-none-eabi/lib/libc.a(lib_a-vfiprintf.o)
                                                  /opt/CodeSourcery/Sourcery_G++_Lite/arm-none-eabi/lib/libc.a(lib_a-svfprintf.o)
                                                  /opt/CodeSourcery/Sourcery_G++_Lite/arm-none-eabi/lib/libc.a(lib_a-vfprintf.o)
__any_on                                          /opt/CodeSourcery/Sourcery_G++_Lite/arm-none-eabi/lib/libc.a(lib_a-mprec.o)
__ascii_wctomb                                    /opt/CodeSourcery/Sourcery_G++_Lite/arm-none-eabi/lib/libc.a(lib_a-wctomb_r.o)
__b2d                                             /opt/CodeSourcery/Sourcery_G++_Lite/arm-none-eabi/lib/libc.a(lib_a-mprec.o)
__clzsi2                                          /opt/CodeSourcery/Sourcery_G++_Lite/lib/gcc/arm-none-eabi/4.5.2/libgcc.a(_clzsi2.o)
                                                  /opt/CodeSourcery/Sourcery_G++_Lite/lib/gcc/arm-none-eabi/4.5.2/libgcc.a(_udivdi3.o)
                                                  /opt/CodeSourcery/Sourcery_G++_Lite/lib/gcc/arm-none-eabi/4.5.2/libgcc.a(_divdi3.o)
__cmpdf2                                          /opt/CodeSourcery/Sourcery_G++_Lite/lib/gcc/arm-none-eabi/4.5.2/libgcc.a(_arm_cmpdf2.o)
__copybits                                        /opt/CodeSourcery/Sourcery_G++_Lite/arm-none-eabi/lib/libc.a(lib_a-mprec.o)
__d2b                                             /opt/CodeSourcery/Sourcery_G++_Lite/arm-none-eabi/lib/libc.a(lib_a-mprec.o)
                                                  /opt/CodeSourcery/Sourcery_G++_Lite/arm-none-eabi/lib/libc.a(lib_a-dtoa.o)
__divdf3                                          /opt/CodeSourcery/Sourcery_G++_Lite/lib/gcc/arm-none-eabi/4.5.2/libgcc.a(_arm_muldivdf3.o)
__divdi3                                          /opt/CodeSourcery/Sourcery_G++_Lite/lib/gcc/arm-none-eabi/4.5.2/libgcc.a(_divdi3.o)
                                                  /opt/CodeSourcery/Sourcery_G++_Lite/lib/gcc/arm-none-eabi/4.5.2/libgcc.a(bpabi.o)
__divsi3                                          /opt/CodeSourcery/Sourcery_G++_Lite/lib/gcc/arm-none-eabi/4.5.2/libgcc.a(_divsi3.o)
__eqdf2                                           /opt/CodeSourcery/Sourcery_G++_Lite/lib/gcc/arm-none-eabi/4.5.2/libgcc.a(_arm_cmpdf2.o)
__errno                                           /opt/CodeSourcery/Sourcery_G++_Lite/arm-none-eabi/lib/libc.a(lib_a-errno.o)
                                                  syscall.o
__extendsfdf2                                     /opt/CodeSourcery/Sourcery_G++_Lite/lib/gcc/arm-none-eabi/4.5.2/libgcc.a(_arm_addsubdf3.o)
__fixdfsi                                         /opt/CodeSourcery/Sourcery_G++_Lite/lib/gcc/arm-none-eabi/4.5.2/libgcc.a(_arm_fixdfsi.o)
__fixunsdfsi                                      /opt/CodeSourcery/Sourcery_G++_Lite/lib/gcc/arm-none-eabi/4.5.2/libgcc.a(_arm_fixunsdfsi.o)
__floatdidf                                       /opt/CodeSourcery/Sourcery_G++_Lite/lib/gcc/arm-none-eabi/4.5.2/libgcc.a(_arm_addsubdf3.o)
__floatsidf                                       /opt/CodeSourcery/Sourcery_G++_Lite/lib/gcc/arm-none-eabi/4.5.2/libgcc.a(_arm_addsubdf3.o)
__floatundidf                                     /opt/CodeSourcery/Sourcery_G++_Lite/lib/gcc/arm-none-eabi/4.5.2/libgcc.a(_arm_addsubdf3.o)
__floatunsidf                                     /opt/CodeSourcery/Sourcery_G++_Lite/lib/gcc/arm-none-eabi/4.5.2/libgcc.a(_arm_addsubdf3.o)
__fp_lock_all                                     /opt/CodeSourcery/Sourcery_G++_Lite/arm-none-eabi/lib/libc.a(lib_a-findfp.o)
__fp_unlock_all                                   /opt/CodeSourcery/Sourcery_G++_Lite/arm-none-eabi/lib/libc.a(lib_a-findfp.o)
__fpclassifyd                                     /opt/CodeSourcery/Sourcery_G++_Lite/arm-none-eabi/lib/libc.a(lib_a-s_fpclassify.o)
                                                  /opt/CodeSourcery/Sourcery_G++_Lite/arm-none-eabi/lib/libc.a(lib_a-svfprintf.o)
                                                  /opt/CodeSourcery/Sourcery_G++_Lite/arm-none-eabi/lib/libc.a(lib_a-vfprintf.o)
__gedf2                                           /opt/CodeSourcery/Sourcery_G++_Lite/lib/gcc/arm-none-eabi/4.5.2/libgcc.a(_arm_cmpdf2.o)
__gnu_ldivmod_helper                              /opt/CodeSourcery/Sourcery_G++_Lite/lib/gcc/arm-none-eabi/4.5.2/libgcc.a(bpabi.o)
__gnu_uldivmod_helper                             /opt/CodeSourcery/Sourcery_G++_Lite/lib/gcc/arm-none-eabi/4.5.2/libgcc.a(bpabi.o)
                                                  /opt/CodeSourcery/Sourcery_G++_Lite/lib/gcc/arm-none-eabi/4.5.2/libgcc.a(_aeabi_uldivmod.o)
__gtdf2                                           /opt/CodeSourcery/Sourcery_G++_Lite/lib/gcc/arm-none-eabi/4.5.2/libgcc.a(_arm_cmpdf2.o)
__hi0bits                                         /opt/CodeSourcery/Sourcery_G++_Lite/arm-none-eabi/lib/libc.a(lib_a-mprec.o)
                                                  /opt/CodeSourcery/Sourcery_G++_Lite/arm-none-eabi/lib/libc.a(lib_a-dtoa.o)
__i2b                                             /opt/CodeSourcery/Sourcery_G++_Lite/arm-none-eabi/lib/libc.a(lib_a-mprec.o)
                                                  /opt/CodeSourcery/Sourcery_G++_Lite/arm-none-eabi/lib/libc.a(lib_a-dtoa.o)
__ledf2                                           /opt/CodeSourcery/Sourcery_G++_Lite/lib/gcc/arm-none-eabi/4.5.2/libgcc.a(_arm_cmpdf2.o)
__lo0bits                                         /opt/CodeSourcery/Sourcery_G++_Lite/arm-none-eabi/lib/libc.a(lib_a-mprec.o)
__locale_charset                                  /opt/CodeSourcery/Sourcery_G++_Lite/arm-none-eabi/lib/libc.a(lib_a-locale.o)
                                                  /opt/CodeSourcery/Sourcery_G++_Lite/arm-none-eabi/lib/libc.a(lib_a-wctomb_r.o)
                                                  /opt/CodeSourcery/Sourcery_G++_Lite/arm-none-eabi/lib/libc.a(lib_a-wcrtomb.o)
__locale_cjk_lang                                 /opt/CodeSourcery/Sourcery_G++_Lite/arm-none-eabi/lib/libc.a(lib_a-locale.o)
__locale_mb_cur_max                               /opt/CodeSourcery/Sourcery_G++_Lite/arm-none-eabi/lib/libc.a(lib_a-locale.o)
                                                  /opt/CodeSourcery/Sourcery_G++_Lite/arm-none-eabi/lib/libc.a(lib_a-fputwc.o)
__locale_msgcharset                               /opt/CodeSourcery/Sourcery_G++_Lite/arm-none-eabi/lib/libc.a(lib_a-locale.o)
__lshift                                          /opt/CodeSourcery/Sourcery_G++_Lite/arm-none-eabi/lib/libc.a(lib_a-mprec.o)
                                                  /opt/CodeSourcery/Sourcery_G++_Lite/arm-none-eabi/lib/libc.a(lib_a-dtoa.o)
__ltdf2                                           /opt/CodeSourcery/Sourcery_G++_Lite/lib/gcc/arm-none-eabi/4.5.2/libgcc.a(_arm_cmpdf2.o)
__malloc_av_                                      /opt/CodeSourcery/Sourcery_G++_Lite/arm-none-eabi/lib/libc.a(lib_a-mallocr.o)
                                                  /opt/CodeSourcery/Sourcery_G++_Lite/arm-none-eabi/lib/libc.a(lib_a-reallocr.o)
                                                  /opt/CodeSourcery/Sourcery_G++_Lite/arm-none-eabi/lib/libc.a(lib_a-freer.o)
__malloc_current_mallinfo                         /opt/CodeSourcery/Sourcery_G++_Lite/arm-none-eabi/lib/libc.a(lib_a-mallocr.o)
                                                  /opt/CodeSourcery/Sourcery_G++_Lite/arm-none-eabi/lib/libc.a(lib_a-freer.o)
__malloc_lock                                     /opt/CodeSourcery/Sourcery_G++_Lite/arm-none-eabi/lib/libc.a(lib_a-mlock.o)
                                                  /opt/CodeSourcery/Sourcery_G++_Lite/arm-none-eabi/lib/libc.a(lib_a-reallocr.o)
                                                  /opt/CodeSourcery/Sourcery_G++_Lite/arm-none-eabi/lib/libc.a(lib_a-mallocr.o)
                                                  /opt/CodeSourcery/Sourcery_G++_Lite/arm-none-eabi/lib/libc.a(lib_a-freer.o)
__malloc_max_sbrked_mem                           /opt/CodeSourcery/Sourcery_G++_Lite/arm-none-eabi/lib/libc.a(lib_a-mallocr.o)
__malloc_max_total_mem                            /opt/CodeSourcery/Sourcery_G++_Lite/arm-none-eabi/lib/libc.a(lib_a-mallocr.o)
__malloc_sbrk_base                                /opt/CodeSourcery/Sourcery_G++_Lite/arm-none-eabi/lib/libc.a(lib_a-mallocr.o)
                                                  /opt/CodeSourcery/Sourcery_G++_Lite/arm-none-eabi/lib/libc.a(lib_a-freer.o)
__malloc_top_pad                                  /opt/CodeSourcery/Sourcery_G++_Lite/arm-none-eabi/lib/libc.a(lib_a-mallocr.o)
                                                  /opt/CodeSourcery/Sourcery_G++_Lite/arm-none-eabi/lib/libc.a(lib_a-freer.o)
__malloc_trim_threshold                           /opt/CodeSourcery/Sourcery_G++_Lite/arm-none-eabi/lib/libc.a(lib_a-mallocr.o)
                                                  /opt/CodeSourcery/Sourcery_G++_Lite/arm-none-eabi/lib/libc.a(lib_a-freer.o)
__malloc_unlock                                   /opt/CodeSourcery/Sourcery_G++_Lite/arm-none-eabi/lib/libc.a(lib_a-mlock.o)
                                                  /opt/CodeSourcery/Sourcery_G++_Lite/arm-none-eabi/lib/libc.a(lib_a-reallocr.o)
                                                  /opt/CodeSourcery/Sourcery_G++_Lite/arm-none-eabi/lib/libc.a(lib_a-mallocr.o)
                                                  /opt/CodeSourcery/Sourcery_G++_Lite/arm-none-eabi/lib/libc.a(lib_a-freer.o)
__mb_cur_max                                      /opt/CodeSourcery/Sourcery_G++_Lite/arm-none-eabi/lib/libc.a(lib_a-locale.o)
__mcmp                                            /opt/CodeSourcery/Sourcery_G++_Lite/arm-none-eabi/lib/libc.a(lib_a-mprec.o)
                                                  /opt/CodeSourcery/Sourcery_G++_Lite/arm-none-eabi/lib/libc.a(lib_a-dtoa.o)
__mdiff                                           /opt/CodeSourcery/Sourcery_G++_Lite/arm-none-eabi/lib/libc.a(lib_a-mprec.o)
                                                  /opt/CodeSourcery/Sourcery_G++_Lite/arm-none-eabi/lib/libc.a(lib_a-dtoa.o)
__mlocale_changed                                 /opt/CodeSourcery/Sourcery_G++_Lite/arm-none-eabi/lib/libc.a(lib_a-locale.o)
__mprec_bigtens                                   /opt/CodeSourcery/Sourcery_G++_Lite/arm-none-eabi/lib/libc.a(lib_a-mprec.o)
                                                  /opt/CodeSourcery/Sourcery_G++_Lite/arm-none-eabi/lib/libc.a(lib_a-dtoa.o)
__mprec_tens                                      /opt/CodeSourcery/Sourcery_G++_Lite/arm-none-eabi/lib/libc.a(lib_a-mprec.o)
                                                  /opt/CodeSourcery/Sourcery_G++_Lite/arm-none-eabi/lib/libc.a(lib_a-dtoa.o)
__mprec_tinytens                                  /opt/CodeSourcery/Sourcery_G++_Lite/arm-none-eabi/lib/libc.a(lib_a-mprec.o)
__muldf3                                          /opt/CodeSourcery/Sourcery_G++_Lite/lib/gcc/arm-none-eabi/4.5.2/libgcc.a(_arm_muldivdf3.o)
__multadd                                         /opt/CodeSourcery/Sourcery_G++_Lite/arm-none-eabi/lib/libc.a(lib_a-mprec.o)
                                                  /opt/CodeSourcery/Sourcery_G++_Lite/arm-none-eabi/lib/libc.a(lib_a-dtoa.o)
__multiply                                        /opt/CodeSourcery/Sourcery_G++_Lite/arm-none-eabi/lib/libc.a(lib_a-mprec.o)
                                                  /opt/CodeSourcery/Sourcery_G++_Lite/arm-none-eabi/lib/libc.a(lib_a-dtoa.o)
__nedf2                                           /opt/CodeSourcery/Sourcery_G++_Lite/lib/gcc/arm-none-eabi/4.5.2/libgcc.a(_arm_cmpdf2.o)
__nlocale_changed                                 /opt/CodeSourcery/Sourcery_G++_Lite/arm-none-eabi/lib/libc.a(lib_a-locale.o)
__pow5mult                                        /opt/CodeSourcery/Sourcery_G++_Lite/arm-none-eabi/lib/libc.a(lib_a-mprec.o)
                                                  /opt/CodeSourcery/Sourcery_G++_Lite/arm-none-eabi/lib/libc.a(lib_a-dtoa.o)
__ratio                                           /opt/CodeSourcery/Sourcery_G++_Lite/arm-none-eabi/lib/libc.a(lib_a-mprec.o)
__s2b                                             /opt/CodeSourcery/Sourcery_G++_Lite/arm-none-eabi/lib/libc.a(lib_a-mprec.o)
__sclose                                          /opt/CodeSourcery/Sourcery_G++_Lite/arm-none-eabi/lib/libc.a(lib_a-stdio.o)
                                                  /opt/CodeSourcery/Sourcery_G++_Lite/arm-none-eabi/lib/libc.a(lib_a-findfp.o)
__seofread                                        /opt/CodeSourcery/Sourcery_G++_Lite/arm-none-eabi/lib/libc.a(lib_a-stdio.o)
__sfmoreglue                                      /opt/CodeSourcery/Sourcery_G++_Lite/arm-none-eabi/lib/libc.a(lib_a-findfp.o)
__sfp                                             /opt/CodeSourcery/Sourcery_G++_Lite/arm-none-eabi/lib/libc.a(lib_a-findfp.o)
__sfp_lock_acquire                                /opt/CodeSourcery/Sourcery_G++_Lite/arm-none-eabi/lib/libc.a(lib_a-findfp.o)
                                                  /opt/CodeSourcery/Sourcery_G++_Lite/arm-none-eabi/lib/libc.a(lib_a-fclose.o)
                                                  /opt/CodeSourcery/Sourcery_G++_Lite/arm-none-eabi/lib/libc.a(lib_a-fwalk.o)
__sfp_lock_release                                /opt/CodeSourcery/Sourcery_G++_Lite/arm-none-eabi/lib/libc.a(lib_a-findfp.o)
                                                  /opt/CodeSourcery/Sourcery_G++_Lite/arm-none-eabi/lib/libc.a(lib_a-fclose.o)